Archive member included to satisfy reference by file (symbol)

c:/program files/microchip/xc32/v4.35/bin/bin/../../lib/gcc/pic32c/8.3.1/../../../../pic32c/lib/thumb/v7e-m+fp/hard\libpic32c.a(data_init.o)
                              build/LVLEU05/debug/_ext/891923492/startup_xc32.o (__pic32c_data_initialization)
c:/program files/microchip/xc32/v4.35/bin/bin/../../lib/gcc/pic32c/8.3.1/../../../../pic32c/lib/thumb/v7e-m+fp/hard\libm-fast-emfloat.a(__aeabi_dadd.o)
                              build/LVLEU05/debug/_ext/900200176/MLX90614_DRV.o (__aeabi_dadd)
c:/program files/microchip/xc32/v4.35/bin/bin/../../lib/gcc/pic32c/8.3.1/../../../../pic32c/lib/thumb/v7e-m+fp/hard\libm-fast-emfloat.a(__aeabi_dsub.o)
                              build/LVLEU05/debug/_ext/900200176/MLX90614_DRV.o (__aeabi_dsub)
c:/program files/microchip/xc32/v4.35/bin/bin/../../lib/gcc/pic32c/8.3.1/../../../../pic32c/lib/thumb/v7e-m+fp/hard\libm-fast-emfloat.a(__aeabi_dmul.o)
                              build/LVLEU05/debug/_ext/900200176/MLX90614_DRV.o (__aeabi_dmul)
c:/program files/microchip/xc32/v4.35/bin/bin/../../lib/gcc/pic32c/8.3.1/../../../../pic32c/lib/thumb/v7e-m+fp/hard\libm-fast-emfloat.a(__aeabi_d2uiz.o)
                              build/LVLEU05/debug/_ext/900200176/MLX90614_DRV.o (__aeabi_d2uiz)
c:/program files/microchip/xc32/v4.35/bin/bin/../../lib/gcc/pic32c/8.3.1/../../../../pic32c/lib/thumb/v7e-m+fp/hard\libm-fast-emfloat.a(__aeabi_i2d.o)
                              build/LVLEU05/debug/_ext/900200176/MLX90614_DRV.o (__aeabi_i2d)
c:/program files/microchip/xc32/v4.35/bin/bin/../../lib/gcc/pic32c/8.3.1/../../../../pic32c/lib/thumb/v7e-m+fp/hard\libm-fast-emfloat.a(__aeabi_f2d.o)
                              build/LVLEU05/debug/_ext/900200176/MLX90614_DRV.o (__aeabi_f2d)
c:/program files/microchip/xc32/v4.35/bin/bin/../../lib/gcc/pic32c/8.3.1/../../../../pic32c/lib/thumb/v7e-m+fp/hard\libm-fast-emfloat.a(__aeabi_d2f.o)
                              build/LVLEU05/debug/_ext/900200176/MLX90614_DRV.o (__aeabi_d2f)
c:/program files/microchip/xc32/v4.35/bin/bin/../../lib/gcc/pic32c/8.3.1/../../../../pic32c/lib/thumb/v7e-m+fp/hard\libg-musl.a(__libc_start_main.o)
                              build/LVLEU05/debug/_ext/891923492/startup_xc32.o (__libc_init_array)
c:/program files/microchip/xc32/v4.35/bin/bin/../../lib/gcc/pic32c/8.3.1/../../../../pic32c/lib/thumb/v7e-m+fp/hard\libg-musl.a(libc.o)
                              c:/program files/microchip/xc32/v4.35/bin/bin/../../lib/gcc/pic32c/8.3.1/../../../../pic32c/lib/thumb/v7e-m+fp/hard\libg-musl.a(__libc_start_main.o) (__progname_full)
c:/program files/microchip/xc32/v4.35/bin/bin/../../lib/gcc/pic32c/8.3.1/../../../../pic32c/lib/thumb/v7e-m+fp/hard\libg-musl.a(malloc.o)
                              build/LVLEU05/debug/_ext/2072612147/log.o (realloc)
c:/program files/microchip/xc32/v4.35/bin/bin/../../lib/gcc/pic32c/8.3.1/../../../../pic32c/lib/thumb/v7e-m+fp/hard\libg-musl.a(expand_heap.o)
                              c:/program files/microchip/xc32/v4.35/bin/bin/../../lib/gcc/pic32c/8.3.1/../../../../pic32c/lib/thumb/v7e-m+fp/hard\libg-musl.a(malloc.o) (__expand_heap)
c:/program files/microchip/xc32/v4.35/bin/bin/../../lib/gcc/pic32c/8.3.1/../../../../pic32c/lib/thumb/v7e-m+fp/hard\libg-musl.a(printf.o)
                              (printf)
c:/program files/microchip/xc32/v4.35/bin/bin/../../lib/gcc/pic32c/8.3.1/../../../../pic32c/lib/thumb/v7e-m+fp/hard\libg-musl.a(vprintf.o)
                              build/LVLEU05/debug/_ext/2072612147/log.o (vprintf)
c:/program files/microchip/xc32/v4.35/bin/bin/../../lib/gcc/pic32c/8.3.1/../../../../pic32c/lib/thumb/v7e-m+fp/hard\libg-musl.a(memcpy.o)
                              build/LVLEU05/debug/_ext/404212886/stream_buffer.o (memcpy)
c:/program files/microchip/xc32/v4.35/bin/bin/../../lib/gcc/pic32c/8.3.1/../../../../pic32c/lib/thumb/v7e-m+fp/hard\libg-musl.a(memset.o)
                              build/LVLEU05/debug/_ext/454437993/sys_time.o (memset)
c:/program files/microchip/xc32/v4.35/bin/bin/../../lib/gcc/pic32c/8.3.1/../../../../pic32c/lib/thumb/v7e-m+fp/hard\libg-musl.a(strdup.o)
                              build/LVLEU05/debug/_ext/2072612147/log.o (strdup)
c:/program files/microchip/xc32/v4.35/bin/bin/../../lib/gcc/pic32c/8.3.1/../../../../pic32c/lib/thumb/v7e-m+fp/hard\libg-musl.a(__environ.o)
                              c:/program files/microchip/xc32/v4.35/bin/bin/../../lib/gcc/pic32c/8.3.1/../../../../pic32c/lib/thumb/v7e-m+fp/hard\libg-musl.a(__libc_start_main.o) (__environ)
c:/program files/microchip/xc32/v4.35/bin/bin/../../lib/gcc/pic32c/8.3.1/../../../../pic32c/lib/thumb/v7e-m+fp/hard\libg-musl.a(__errno_location.o)
                              c:/program files/microchip/xc32/v4.35/bin/bin/../../lib/gcc/pic32c/8.3.1/../../../../pic32c/lib/thumb/v7e-m+fp/hard\libg-musl.a(malloc.o) (__errno_val)
[...]
Memory Configuration

Name             Origin             Length             Attributes
boot_rom         0x00000000         0x00005e00         xrl
rom              0x01000000         0x00100000         xrl
ram              0x20000000         0x00020000         xw !r
bkupram          0x44014000         0x00002000
*default*        0x00000000         0xffffffff

Linker script and memory map

LOAD c:/program files/microchip/xc32/v4.35/bin/bin/../../lib/gcc/pic32c/8.3.1/thumb/v7e-m+fp/hard/crti.o
LOAD c:/program files/microchip/xc32/v4.35/bin/bin/../../lib/gcc/pic32c/8.3.1/thumb/v7e-m+fp/hard/crtbegin.o
LOAD build/LVLEU05/debug/_ext/900200176/I2C_DRV.o
LOAD build/LVLEU05/debug/_ext/900200176/MLX90614_DRV.o
LOAD build/LVLEU05/debug/_ext/561848293/MLX90614_Plugin.o
LOAD build/LVLEU05/debug/_ext/2072612147/log.o
LOAD build/LVLEU05/debug/_ext/2072612147/clock.o
LOAD build/LVLEU05/debug/_ext/1580911642/osal_freertos.o
LOAD build/LVLEU05/debug/_ext/1475227814/plib_clk.o
LOAD build/LVLEU05/debug/_ext/1512578834/plib_cmcc.o
LOAD build/LVLEU05/debug/_ext/1512701079/plib_gpio.o
LOAD build/LVLEU05/debug/_ext/1512915370/plib_nvic.o
LOAD build/LVLEU05/debug/_ext/566442893/plib_sercom2_i2c_master.o
LOAD build/LVLEU05/debug/_ext/1949253983/plib_sercom0_usart.o
LOAD build/LVLEU05/debug/_ext/1710155465/plib_tc0.o
LOAD build/LVLEU05/debug/_ext/1767347422/xc32_monitor.o
LOAD build/LVLEU05/debug/_ext/1589946285/sys_cache.o
LOAD build/LVLEU05/debug/_ext/346275119/sys_int.o
LOAD build/LVLEU05/debug/_ext/454437993/sys_time.o
LOAD build/LVLEU05/debug/_ext/891923492/exceptions.o
LOAD build/LVLEU05/debug/_ext/891923492/libc_syscalls.o
LOAD build/LVLEU05/debug/_ext/891923492/startup_xc32.o
LOAD build/LVLEU05/debug/_ext/891923492/interrupts.o
LOAD build/LVLEU05/debug/_ext/891923492/initialization.o
LOAD build/LVLEU05/debug/_ext/891923492/tasks.o
LOAD build/LVLEU05/debug/_ext/891923492/freertos_hooks.o
LOAD build/LVLEU05/debug/_ext/246609638/port.o
LOAD build/LVLEU05/debug/_ext/1665200909/heap_1.o
LOAD build/LVLEU05/debug/_ext/404212886/stream_buffer.o
LOAD build/LVLEU05/debug/_ext/404212886/FreeRTOS_tasks.o
LOAD build/LVLEU05/debug/_ext/404212886/queue.o
LOAD build/LVLEU05/debug/_ext/404212886/timers.o
LOAD build/LVLEU05/debug/_ext/404212886/croutine.o
LOAD build/LVLEU05/debug/_ext/404212886/event_groups.o
LOAD build/LVLEU05/debug/_ext/404212886/list.o
LOAD build/LVLEU05/debug/_ext/1360937237/main.o
LOAD ..\src\PIC32CX1012BZ250_oaq_2nd_gen.a
LOAD ..\src\PIC32CX1012BZ250_zmod4xxx_cleaning.a
                0x00000001                __MPLAB_BUILD = 0x1
                0x01100000                __rom_end = (ORIGIN (rom) + LENGTH (rom))
                0x20020000                __ram_end = (ORIGIN (ram) + LENGTH (ram))

.vectors        0x00000000       0xe0
                0x00000000                . = ALIGN (0x4)
                0x00000000                _sfixed = .
 *(.vectors .vectors.* .vectors_default .vectors_default.*)
 .vectors       0x00000000       0xe0 build/LVLEU05/debug/_ext/891923492/interrupts.o
                0x00000000                exception_table
 *(.isr_vector)
 *(.reset*)
 *(.after_vectors)

.text           0x01000000       0x20
                0x01000000                . = ALIGN (0x4)
 *(.glue_7t)
 .glue_7t       0x01000000        0x0 linker stubs
 *(.glue_7)
 .glue_7        0x01000000        0x0 linker stubs
 *(.gnu.linkonce.r.*)
 *(.ARM.extab* .gnu.linkonce.armextab.*)
                0x01000000                . = ALIGN (0x4)
 *(.init)
 .init          0x01000000        0x4 c:/program files/microchip/xc32/v4.35/bin/bin/../../lib/gcc/pic32c/8.3.1/thumb/v7e-m+fp/hard/crti.o
                0x01000000                _init
 .init          0x01000004        0x8 c:/program files/microchip/xc32/v4.35/bin/bin/../../lib/gcc/pic32c/8.3.1/thumb/v7e-m+fp/hard/crtn.o
                0x0100000c                . = ALIGN (0x4)
                0x0100000c                __preinit_array_start = .
 *(.preinit_array)
                0x0100000c                __preinit_array_end = .
                0x0100000c                . = ALIGN (0x4)
                0x0100000c                __init_array_start = .
 *(SORT_BY_NAME(.init_array.*))
 *(.init_array)
 .init_array    0x0100000c        0x4 c:/program files/microchip/xc32/v4.35/bin/bin/../../lib/gcc/pic32c/8.3.1/thumb/v7e-m+fp/hard/crtbegin.o
                0x01000010                __init_array_end = .
                0x01000010                . = ALIGN (0x4)
 *crtbegin.o(.ctors)
 *(EXCLUDE_FILE(*crtend.o) .ctors)
 *(SORT_BY_NAME(.ctors.*))
 *crtend.o(.ctors)
                0x01000010                . = ALIGN (0x4)
 *(.fini)
 .fini          0x01000010        0x4 c:/program files/microchip/xc32/v4.35/bin/bin/../../lib/gcc/pic32c/8.3.1/thumb/v7e-m+fp/hard/crti.o
                0x01000010                _fini
 .fini          0x01000014        0x8 c:/program files/microchip/xc32/v4.35/bin/bin/../../lib/gcc/pic32c/8.3.1/thumb/v7e-m+fp/hard/crtn.o
                0x0100001c                . = ALIGN (0x4)
                0x0100001c                __fini_array_start = .
 *(.fini_array)
 .fini_array    0x0100001c        0x4 c:/program files/microchip/xc32/v4.35/bin/bin/../../lib/gcc/pic32c/8.3.1/thumb/v7e-m+fp/hard/crtbegin.o
 *(SORT_BY_NAME(.fini_array.*))
                0x01000020                __fini_array_end = .
 *crtbegin.o(.dtors)
 *(EXCLUDE_FILE(*crtend.o) .dtors)
 *(SORT_BY_NAME(.dtors.*))
 *crtend.o(.dtors)
                0x01000020                . = ALIGN (0x4)
                0x01000020                _efixed = .
                [!provide]                PROVIDE (__exidx_start = .)

.ARM.exidx      0x01000020        0x8
 *(.ARM.exidx* .gnu.linkonce.armexidx.*)
 .ARM.exidx     0x01000020        0x8 c:/program files/microchip/xc32/v4.35/bin/bin/../../lib/gcc/pic32c/8.3.1/thumb/v7e-m+fp/hard\libgcc.a(_udivmoddi4.o)
                [!provide]                PROVIDE (__exidx_end = .)
                0x01000028                . = ALIGN (0x4)
                0x01000028                _etext = .

.bss            0x20000000        0x0
                0x20000000                . = ALIGN (0x4)
                0x20000000                __bss_start__ = .
                0x20000000                _sbss = .
                0x20000000                _szero = .
 *(COMMON)
                0x20000000                . = ALIGN (0x4)
                0x20000000                __bss_end__ = .
                0x20000000                _ebss = .
                0x20000000                _ezero = .
                0x20000000                . = ALIGN (0x4)
                0x20000000                _end = .
                0x2001ffff                _ram_end_ = ((ORIGIN (ram) + LENGTH (ram)) - 0x1)

.bkupram_bss
 *(.bkupram_bss .bkupram_bss.*)
 *(.pbss .pbss.*)
                0x00000001                __ICD2RAM = 0x1
                0x00000001                __MPLAB_DEBUG = 0x1
                0x00000001                __DEBUG = 0x1
                0x00000200                _min_heap_size = 0x200
START GROUP
LOAD c:/program files/microchip/xc32/v4.35/bin/bin/../../lib/gcc/pic32c/8.3.1/../../../../pic32c/lib/thumb/v7e-m+fp/hard\libpic32c.a
LOAD c:/program files/microchip/xc32/v4.35/bin/bin/../../lib/gcc/pic32c/8.3.1/../../../../pic32c/lib/thumb/v7e-m+fp/hard\libm-fast-emfloat.a
LOAD c:/program files/microchip/xc32/v4.35/bin/bin/../../lib/gcc/pic32c/8.3.1/../../../../pic32c/lib/thumb/v7e-m+fp/hard\libg-musl.a
LOAD c:/program files/microchip/xc32/v4.35/bin/bin/../../lib/gcc/pic32c/8.3.1/../../../../pic32c/lib/thumb/v7e-m+fp/hard\libc-musl.a
LOAD c:/program files/microchip/xc32/v4.35/bin/bin/../../lib/gcc/pic32c/8.3.1/../../../../pic32c/lib/thumb/v7e-m+fp/hard\libm-fast-emfloat.a
LOAD c:/program files/microchip/xc32/v4.35/bin/bin/../../lib/gcc/pic32c/8.3.1/thumb/v7e-m+fp/hard\libgcc.a
END GROUP
LOAD c:/program files/microchip/xc32/v4.35/bin/bin/../../lib/gcc/pic32c/8.3.1/thumb/v7e-m+fp/hard/crtend.o
LOAD c:/program files/microchip/xc32/v4.35/bin/bin/../../lib/gcc/pic32c/8.3.1/thumb/v7e-m+fp/hard/crtn.o
OUTPUT(dist/LVLEU05/debug/MLX90614_Demo.X.debug.elf elf32-littlearm)
LOAD data_init
LOAD stack

.ARM.attributes
                0x00000000       0x32
 .ARM.attributes
                0x00000000       0x1e c:/program files/microchip/xc32/v4.35/bin/bin/../../lib/gcc/pic32c/8.3.1/thumb/v7e-m+fp/hard/crti.o
 .ARM.attributes
                0x0000001e       0x34 c:/program files/microchip/xc32/v4.35/bin/bin/../../lib/gcc/pic32c/8.3.1/thumb/v7e-m+fp/hard/crtbegin.o
 .ARM.attributes
                0x00000052       0x34 build/LVLEU05/debug/_ext/900200176/I2C_DRV.o
 .ARM.attributes
                0x00000086       0x34 build/LVLEU05/debug/_ext/900200176/MLX90614_DRV.o
 .ARM.attributes
                0x000000ba       0x34 build/LVLEU05/debug/_ext/561848293/MLX90614_Plugin.o
 .ARM.attributes
                0x000000ee       0x34 build/LVLEU05/debug/_ext/2072612147/log.o
 .ARM.attributes
                0x00000122       0x34 build/LVLEU05/debug/_ext/2072612147/clock.o
 .ARM.attributes
                0x00000156       0x34 build/LVLEU05/debug/_ext/1580911642/osal_freertos.o
 .ARM.attributes
                0x0000018a       0x34 build/LVLEU05/debug/_ext/1475227814/plib_clk.o
 .ARM.attributes
                0x000001be       0x34 build/LVLEU05/debug/_ext/1512701079/plib_gpio.o
 .ARM.attributes
                0x000001f2       0x34 build/LVLEU05/debug/_ext/1512915370/plib_nvic.o
 .ARM.attributes
                0x00000226       0x34 build/LVLEU05/debug/_ext/566442893/plib_sercom2_i2c_master.o
 .ARM.attributes
                0x0000025a       0x34 build/LVLEU05/debug/_ext/1949253983/plib_sercom0_usart.o
 .ARM.attributes
                0x0000028e       0x34 build/LVLEU05/debug/_ext/1710155465/plib_tc0.o
 .ARM.attributes
                0x000002c2       0x34 build/LVLEU05/debug/_ext/1767347422/xc32_monitor.o
 .ARM.attributes
                0x000002f6       0x34 build/LVLEU05/debug/_ext/346275119/sys_int.o
 .ARM.attributes
                0x0000032a       0x34 build/LVLEU05/debug/_ext/454437993/sys_time.o
 .ARM.attributes
                0x0000035e       0x34 build/LVLEU05/debug/_ext/891923492/exceptions.o
 .ARM.attributes
                0x00000392       0x34 build/LVLEU05/debug/_ext/891923492/startup_xc32.o
 .ARM.attributes
                0x000003c6       0x34 build/LVLEU05/debug/_ext/891923492/interrupts.o
 .ARM.attributes
                0x000003fa       0x34 build/LVLEU05/debug/_ext/891923492/initialization.o
 .ARM.attributes
                0x0000042e       0x34 build/LVLEU05/debug/_ext/891923492/tasks.o
 .ARM.attributes
                0x00000462       0x34 build/LVLEU05/debug/_ext/891923492/freertos_hooks.o
 .ARM.attributes
                0x00000496       0x34 build/LVLEU05/debug/_ext/246609638/port.o
 .ARM.attributes
                0x000004ca       0x34 build/LVLEU05/debug/_ext/1665200909/heap_1.o
 .ARM.attributes
                0x000004fe       0x34 build/LVLEU05/debug/_ext/404212886/FreeRTOS_tasks.o
 .ARM.attributes
                0x00000532       0x34 build/LVLEU05/debug/_ext/404212886/queue.o
 .ARM.attributes
                0x00000566       0x34 build/LVLEU05/debug/_ext/404212886/list.o
 .ARM.attributes
                0x0000059a       0x34 build/LVLEU05/debug/_ext/1360937237/main.o
 .ARM.attributes
                0x000005ce       0x34 c:/program files/microchip/xc32/v4.35/bin/bin/../../lib/gcc/pic32c/8.3.1/../../../../pic32c/lib/thumb/v7e-m+fp/hard\libpic32c.a(data_init.o)
 .ARM.attributes
                0x00000602       0x20 c:/program files/microchip/xc32/v4.35/bin/bin/../../lib/gcc/pic32c/8.3.1/../../../../pic32c/lib/thumb/v7e-m+fp/hard\libm-fast-emfloat.a(__aeabi_dadd.o)
 .ARM.attributes
                0x00000622       0x20 c:/program files/microchip/xc32/v4.35/bin/bin/../../lib/gcc/pic32c/8.3.1/../../../../pic32c/lib/thumb/v7e-m+fp/hard\libm-fast-emfloat.a(__aeabi_dsub.o)
 .ARM.attributes
                0x00000642       0x20 c:/program files/microchip/xc32/v4.35/bin/bin/../../lib/gcc/pic32c/8.3.1/../../../../pic32c/lib/thumb/v7e-m+fp/hard\libm-fast-emfloat.a(__aeabi_dmul.o)
 .ARM.attributes
                0x00000662       0x20 c:/program files/microchip/xc32/v4.35/bin/bin/../../lib/gcc/pic32c/8.3.1/../../../../pic32c/lib/thumb/v7e-m+fp/hard\libm-fast-emfloat.a(__aeabi_d2uiz.o)
 .ARM.attributes
                0x00000682       0x20 c:/program files/microchip/xc32/v4.35/bin/bin/../../lib/gcc/pic32c/8.3.1/../../../../pic32c/lib/thumb/v7e-m+fp/hard\libm-fast-emfloat.a(__aeabi_i2d.o)
 .ARM.attributes
                0x000006a2       0x20 c:/program files/microchip/xc32/v4.35/bin/bin/../../lib/gcc/pic32c/8.3.1/../../../../pic32c/lib/thumb/v7e-m+fp/hard\libm-fast-emfloat.a(__aeabi_f2d.o)
 .ARM.attributes
                0x000006c2       0x20 c:/program files/microchip/xc32/v4.35/bin/bin/../../lib/gcc/pic32c/8.3.1/../../../../pic32c/lib/thumb/v7e-m+fp/hard\libm-fast-emfloat.a(__aeabi_d2f.o)
 .ARM.attributes
                0x000006e2       0x36 c:/program files/microchip/xc32/v4.35/bin/bin/../../lib/gcc/pic32c/8.3.1/../../../../pic32c/lib/thumb/v7e-m+fp/hard\libg-musl.a(__libc_start_main.o)
 .ARM.attributes
                0x00000718       0x34 c:/program files/microchip/xc32/v4.35/bin/bin/../../lib/gcc/pic32c/8.3.1/../../../../pic32c/lib/thumb/v7e-m+fp/hard\libg-musl.a(libc.o)
 .ARM.attributes
                0x0000074c       0x36 c:/program files/microchip/xc32/v4.35/bin/bin/../../lib/gcc/pic32c/8.3.1/../../../../pic32c/lib/thumb/v7e-m+fp/hard\libg-musl.a(malloc.o)
 .ARM.attributes
                0x00000782       0x36 c:/program files/microchip/xc32/v4.35/bin/bin/../../lib/gcc/pic32c/8.3.1/../../../../pic32c/lib/thumb/v7e-m+fp/hard\libg-musl.a(expand_heap.o)
 .ARM.attributes
                0x000007b8       0x36 c:/program files/microchip/xc32/v4.35/bin/bin/../../lib/gcc/pic32c/8.3.1/../../../../pic32c/lib/thumb/v7e-m+fp/hard\libg-musl.a(printf.o)
 .ARM.attributes
                0x000007ee       0x36 c:/program files/microchip/xc32/v4.35/bin/bin/../../lib/gcc/pic32c/8.3.1/../../../../pic32c/lib/thumb/v7e-m+fp/hard\libg-musl.a(vprintf.o)
 .ARM.attributes
                0x00000824       0x36 c:/program files/microchip/xc32/v4.35/bin/bin/../../lib/gcc/pic32c/8.3.1/../../../../pic32c/lib/thumb/v7e-m+fp/hard\libg-musl.a(memcpy.o)
 .ARM.attributes
                0x0000085a       0x36 c:/program files/microchip/xc32/v4.35/bin/bin/../../lib/gcc/pic32c/8.3.1/../../../../pic32c/lib/thumb/v7e-m+fp/hard\libg-musl.a(memset.o)
 .ARM.attributes
                0x00000890       0x36 c:/program files/microchip/xc32/v4.35/bin/bin/../../lib/gcc/pic32c/8.3.1/../../../../pic32c/lib/thumb/v7e-m+fp/hard\libg-musl.a(strdup.o)
 .ARM.attributes
                0x000008c6       0x34 c:/program files/microchip/xc32/v4.35/bin/bin/../../lib/gcc/pic32c/8.3.1/../../../../pic32c/lib/thumb/v7e-m+fp/hard\libg-musl.a(__environ.o)
 .ARM.attributes
                0x000008fa       0x34 c:/program files/microchip/xc32/v4.35/bin/bin/../../lib/gcc/pic32c/8.3.1/../../../../pic32c/lib/thumb/v7e-m+fp/hard\libg-musl.a(__errno_location.o)
 .ARM.attributes
                0x0000092e       0x36 c:/program files/microchip/xc32/v4.35/bin/bin/../../lib/gcc/pic32c/8.3.1/../../../../pic32c/lib/thumb/v7e-m+fp/hard\libg-musl.a(stdout.o)
 .ARM.attributes
                0x00000964       0x36 c:/program files/microchip/xc32/v4.35/bin/bin/../../lib/gcc/pic32c/8.3.1/../../../../pic32c/lib/thumb/v7e-m+fp/hard\libg-musl.a(vfprintf.o)
 .ARM.attributes
                0x0000099a       0x36 c:/program files/microchip/xc32/v4.35/bin/bin/../../lib/gcc/pic32c/8.3.1/../../../../pic32c/lib/thumb/v7e-m+fp/hard\libg-musl.a(strlen.o)
 .ARM.attributes
                0x000009d0       0x36 c:/program files/microchip/xc32/v4.35/bin/bin/../../lib/gcc/pic32c/8.3.1/../../../../pic32c/lib/thumb/v7e-m+fp/hard\libg-musl.a(__pop_float.o)
 .ARM.attributes
                0x00000a06       0x36 c:/program files/microchip/xc32/v4.35/bin/bin/../../lib/gcc/pic32c/8.3.1/../../../../pic32c/lib/thumb/v7e-m+fp/hard\libg-musl.a(__pop_int.o)
 .ARM.attributes
                0x00000a3c       0x36 c:/program files/microchip/xc32/v4.35/bin/bin/../../lib/gcc/pic32c/8.3.1/../../../../pic32c/lib/thumb/v7e-m+fp/hard\libg-musl.a(__pop_ptr.o)
 .ARM.attributes
                0x00000a72       0x36 c:/program files/microchip/xc32/v4.35/bin/bin/../../lib/gcc/pic32c/8.3.1/../../../../pic32c/lib/thumb/v7e-m+fp/hard\libg-musl.a(__printf_core.o)
 .ARM.attributes
                0x00000aa8       0x36 c:/program files/microchip/xc32/v4.35/bin/bin/../../lib/gcc/pic32c/8.3.1/../../../../pic32c/lib/thumb/v7e-m+fp/hard\libg-musl.a(atoi.o)
 .ARM.attributes
                0x00000ade       0x36 c:/program files/microchip/xc32/v4.35/bin/bin/../../lib/gcc/pic32c/8.3.1/../../../../pic32c/lib/thumb/v7e-m+fp/hard\libg-musl.a(tolower.o)
 .ARM.attributes
                0x00000b14       0x36 c:/program files/microchip/xc32/v4.35/bin/bin/../../lib/gcc/pic32c/8.3.1/../../../../pic32c/lib/thumb/v7e-m+fp/hard\libg-musl.a(__fmt_a.o)
 .ARM.attributes
                0x00000b4a       0x36 c:/program files/microchip/xc32/v4.35/bin/bin/../../lib/gcc/pic32c/8.3.1/../../../../pic32c/lib/thumb/v7e-m+fp/hard\libg-musl.a(__fmt_d.o)
 .ARM.attributes
                0x00000b80       0x36 c:/program files/microchip/xc32/v4.35/bin/bin/../../lib/gcc/pic32c/8.3.1/../../../../pic32c/lib/thumb/v7e-m+fp/hard\libg-musl.a(__fmt_fp.o)
 .ARM.attributes
                0x00000bb6       0x36 c:/program files/microchip/xc32/v4.35/bin/bin/../../lib/gcc/pic32c/8.3.1/../../../../pic32c/lib/thumb/v7e-m+fp/hard\libg-musl.a(__fmt_o.o)
 .ARM.attributes
                0x00000bec       0x36 c:/program files/microchip/xc32/v4.35/bin/bin/../../lib/gcc/pic32c/8.3.1/../../../../pic32c/lib/thumb/v7e-m+fp/hard\libg-musl.a(__fmt_s.o)
 .ARM.attributes
                0x00000c22       0x36 c:/program files/microchip/xc32/v4.35/bin/bin/../../lib/gcc/pic32c/8.3.1/../../../../pic32c/lib/thumb/v7e-m+fp/hard\libg-musl.a(__fmt_u.o)
 .ARM.attributes
                0x00000c58       0x36 c:/program files/microchip/xc32/v4.35/bin/bin/../../lib/gcc/pic32c/8.3.1/../../../../pic32c/lib/thumb/v7e-m+fp/hard\libg-musl.a(__fmt_x.o)
 .ARM.attributes
                0x00000c8e       0x36 c:/program files/microchip/xc32/v4.35/bin/bin/../../lib/gcc/pic32c/8.3.1/../../../../pic32c/lib/thumb/v7e-m+fp/hard\libg-musl.a(__init_stdio.o)
 .ARM.attributes
                0x00000cc4       0x36 c:/program files/microchip/xc32/v4.35/bin/bin/../../lib/gcc/pic32c/8.3.1/../../../../pic32c/lib/thumb/v7e-m+fp/hard\libg-musl.a(__out.o)
 .ARM.attributes
                0x00000cfa       0x36 c:/program files/microchip/xc32/v4.35/bin/bin/../../lib/gcc/pic32c/8.3.1/../../../../pic32c/lib/thumb/v7e-m+fp/hard\libg-musl.a(strcpy.o)
 .ARM.attributes
                0x00000d30       0x36 c:/program files/microchip/xc32/v4.35/bin/bin/../../lib/gcc/pic32c/8.3.1/../../../../pic32c/lib/thumb/v7e-m+fp/hard\libg-musl.a(toupper.o)
 .ARM.attributes
                0x00000d66       0x36 c:/program files/microchip/xc32/v4.35/bin/bin/../../lib/gcc/pic32c/8.3.1/../../../../pic32c/lib/thumb/v7e-m+fp/hard\libg-musl.a(__cvt_u.o)
 .ARM.attributes
                0x00000d9c       0x36 c:/program files/microchip/xc32/v4.35/bin/bin/../../lib/gcc/pic32c/8.3.1/../../../../pic32c/lib/thumb/v7e-m+fp/hard\libg-musl.a(stpcpy.o)
 .ARM.attributes
                0x00000dd2       0x34 c:/program files/microchip/xc32/v4.35/bin/bin/../../lib/gcc/pic32c/8.3.1/../../../../pic32c/lib/thumb/v7e-m+fp/hard\libm-fast-emfloat.a(fma.o)
 .ARM.attributes
                0x00000e06       0x34 c:/program files/microchip/xc32/v4.35/bin/bin/../../lib/gcc/pic32c/8.3.1/../../../../pic32c/lib/thumb/v7e-m+fp/hard\libm-fast-emfloat.a(floor.o)
 .ARM.attributes
                0x00000e3a       0x20 c:/program files/microchip/xc32/v4.35/bin/bin/../../lib/gcc/pic32c/8.3.1/../../../../pic32c/lib/thumb/v7e-m+fp/hard\libm-fast-emfloat.a(__aeabi_ddiv.o)
 .ARM.attributes
                0x00000e5a       0x20 c:/program files/microchip/xc32/v4.35/bin/bin/../../lib/gcc/pic32c/8.3.1/../../../../pic32c/lib/thumb/v7e-m+fp/hard\libm-fast-emfloat.a(__aeabi_dcmple.o)
 .ARM.attributes
                0x00000e7a       0x20 c:/program files/microchip/xc32/v4.35/bin/bin/../../lib/gcc/pic32c/8.3.1/../../../../pic32c/lib/thumb/v7e-m+fp/hard\libm-fast-emfloat.a(__aeabi_dcmpeq.o)
 .ARM.attributes
                0x00000e9a       0x20 c:/program files/microchip/xc32/v4.35/bin/bin/../../lib/gcc/pic32c/8.3.1/../../../../pic32c/lib/thumb/v7e-m+fp/hard\libm-fast-emfloat.a(__aeabi_dcmpgt.o)
 .ARM.attributes
                0x00000eba       0x20 c:/program files/microchip/xc32/v4.35/bin/bin/../../lib/gcc/pic32c/8.3.1/../../../../pic32c/lib/thumb/v7e-m+fp/hard\libm-fast-emfloat.a(__aeabi_dcmplt.o)
 .ARM.attributes
                0x00000eda       0x20 c:/program files/microchip/xc32/v4.35/bin/bin/../../lib/gcc/pic32c/8.3.1/../../../../pic32c/lib/thumb/v7e-m+fp/hard\libm-fast-emfloat.a(__aeabi_d2iz.o)
 .ARM.attributes
                0x00000efa       0x1e c:/program files/microchip/xc32/v4.35/bin/bin/../../lib/gcc/pic32c/8.3.1/thumb/v7e-m+fp/hard\libgcc.a(_aeabi_uldivmod.o)
 .ARM.attributes
                0x00000f18       0x34 c:/program files/microchip/xc32/v4.35/bin/bin/../../lib/gcc/pic32c/8.3.1/thumb/v7e-m+fp/hard\libgcc.a(_udivmoddi4.o)
 .ARM.attributes
                0x00000f4c       0x1e c:/program files/microchip/xc32/v4.35/bin/bin/../../lib/gcc/pic32c/8.3.1/thumb/v7e-m+fp/hard\libgcc.a(_dvmd_tls.o)
 .ARM.attributes
                0x00000f6a       0x34 c:/program files/microchip/xc32/v4.35/bin/bin/../../lib/gcc/pic32c/8.3.1/../../../../pic32c/lib/thumb/v7e-m+fp/hard\libpic32c.a(sbrk.o)
 .ARM.attributes
                0x00000f9e       0x1e c:/program files/microchip/xc32/v4.35/bin/bin/../../lib/gcc/pic32c/8.3.1/thumb/v7e-m+fp/hard/crtn.o
 .ARM.attributes
                0x00000fbc       0x34 c:/program files/microchip/xc32/v4.35/bin/bin/../../lib/gcc/pic32c/8.3.1/../../../../pic32c/lib/thumb/v7e-m+fp/hard\libpic32c.a(pic32_data_init_clear.o)
 .ARM.attributes
                0x00000ff0       0x34 c:/program files/microchip/xc32/v4.35/bin/bin/../../lib/gcc/pic32c/8.3.1/../../../../pic32c/lib/thumb/v7e-m+fp/hard\libpic32c.a(pic32_data_init_copy.o)

.comment        0x00000000       0x2b
 .comment       0x00000000       0x2b c:/program files/microchip/xc32/v4.35/bin/bin/../../lib/gcc/pic32c/8.3.1/thumb/v7e-m+fp/hard/crtbegin.o
                                 0x2c (size before relaxing)
 .comment       0x0000002b       0x2c build/LVLEU05/debug/_ext/900200176/I2C_DRV.o
 .comment       0x0000002b       0x2c build/LVLEU05/debug/_ext/900200176/MLX90614_DRV.o
 .comment       0x0000002b       0x2c build/LVLEU05/debug/_ext/561848293/MLX90614_Plugin.o
 .comment       0x0000002b       0x2c build/LVLEU05/debug/_ext/2072612147/log.o
 .comment       0x0000002b       0x2c build/LVLEU05/debug/_ext/2072612147/clock.o
 .comment       0x0000002b       0x2c build/LVLEU05/debug/_ext/1580911642/osal_freertos.o
 .comment       0x0000002b       0x2c build/LVLEU05/debug/_ext/1475227814/plib_clk.o
 .comment       0x0000002b       0x2c build/LVLEU05/debug/_ext/1512701079/plib_gpio.o
 .comment       0x0000002b       0x2c build/LVLEU05/debug/_ext/1512915370/plib_nvic.o
 .comment       0x0000002b       0x2c build/LVLEU05/debug/_ext/566442893/plib_sercom2_i2c_master.o
 .comment       0x0000002b       0x2c build/LVLEU05/debug/_ext/1949253983/plib_sercom0_usart.o
 .comment       0x0000002b       0x2c build/LVLEU05/debug/_ext/1710155465/plib_tc0.o
 .comment       0x0000002b       0x2c build/LVLEU05/debug/_ext/1767347422/xc32_monitor.o
 .comment       0x0000002b       0x2c build/LVLEU05/debug/_ext/346275119/sys_int.o
 .comment       0x0000002b       0x2c build/LVLEU05/debug/_ext/454437993/sys_time.o
 .comment       0x0000002b       0x2c build/LVLEU05/debug/_ext/891923492/exceptions.o
 .comment       0x0000002b       0x2c build/LVLEU05/debug/_ext/891923492/startup_xc32.o
 .comment       0x0000002b       0x2c build/LVLEU05/debug/_ext/891923492/interrupts.o
 .comment       0x0000002b       0x2c build/LVLEU05/debug/_ext/891923492/initialization.o
 .comment       0x0000002b       0x2c build/LVLEU05/debug/_ext/891923492/tasks.o
 .comment       0x0000002b       0x2c build/LVLEU05/debug/_ext/891923492/freertos_hooks.o
 .comment       0x0000002b       0x2c build/LVLEU05/debug/_ext/246609638/port.o
 .comment       0x0000002b       0x2c build/LVLEU05/debug/_ext/1665200909/heap_1.o
 .comment       0x0000002b       0x2c build/LVLEU05/debug/_ext/404212886/FreeRTOS_tasks.o
 .comment       0x0000002b       0x2c build/LVLEU05/debug/_ext/404212886/queue.o
 .comment       0x0000002b       0x2c build/LVLEU05/debug/_ext/404212886/list.o
 .comment       0x0000002b       0x2c build/LVLEU05/debug/_ext/1360937237/main.o
 .comment       0x0000002b       0x2c c:/program files/microchip/xc32/v4.35/bin/bin/../../lib/gcc/pic32c/8.3.1/../../../../pic32c/lib/thumb/v7e-m+fp/hard\libpic32c.a(data_init.o)
 .comment       0x0000002b       0x2c c:/program files/microchip/xc32/v4.35/bin/bin/../../lib/gcc/pic32c/8.3.1/../../../../pic32c/lib/thumb/v7e-m+fp/hard\libg-musl.a(__libc_start_main.o)
 .comment       0x0000002b       0x2c c:/program files/microchip/xc32/v4.35/bin/bin/../../lib/gcc/pic32c/8.3.1/../../../../pic32c/lib/thumb/v7e-m+fp/hard\libg-musl.a(libc.o)
 .comment       0x0000002b       0x2c c:/program files/microchip/xc32/v4.35/bin/bin/../../lib/gcc/pic32c/8.3.1/../../../../pic32c/lib/thumb/v7e-m+fp/hard\libg-musl.a(malloc.o)
 .comment       0x0000002b       0x2c c:/program files/microchip/xc32/v4.35/bin/bin/../../lib/gcc/pic32c/8.3.1/../../../../pic32c/lib/thumb/v7e-m+fp/hard\libg-musl.a(expand_heap.o)
 .comment       0x0000002b       0x2c c:/program files/microchip/xc32/v4.35/bin/bin/../../lib/gcc/pic32c/8.3.1/../../../../pic32c/lib/thumb/v7e-m+fp/hard\libg-musl.a(printf.o)
 .comment       0x0000002b       0x2c c:/program files/microchip/xc32/v4.35/bin/bin/../../lib/gcc/pic32c/8.3.1/../../../../pic32c/lib/thumb/v7e-m+fp/hard\libg-musl.a(vprintf.o)
 .comment       0x0000002b       0x2c c:/program files/microchip/xc32/v4.35/bin/bin/../../lib/gcc/pic32c/8.3.1/../../../../pic32c/lib/thumb/v7e-m+fp/hard\libg-musl.a(memcpy.o)
 .comment       0x0000002b       0x2c c:/program files/microchip/xc32/v4.35/bin/bin/../../lib/gcc/pic32c/8.3.1/../../../../pic32c/lib/thumb/v7e-m+fp/hard\libg-musl.a(memset.o)
 .comment       0x0000002b       0x2c c:/program files/microchip/xc32/v4.35/bin/bin/../../lib/gcc/pic32c/8.3.1/../../../../pic32c/lib/thumb/v7e-m+fp/hard\libg-musl.a(strdup.o)
 .comment       0x0000002b       0x2c c:/program files/microchip/xc32/v4.35/bin/bin/../../lib/gcc/pic32c/8.3.1/../../../../pic32c/lib/thumb/v7e-m+fp/hard\libg-musl.a(__environ.o)
 .comment       0x0000002b       0x2c c:/program files/microchip/xc32/v4.35/bin/bin/../../lib/gcc/pic32c/8.3.1/../../../../pic32c/lib/thumb/v7e-m+fp/hard\libg-musl.a(__errno_location.o)
 .comment       0x0000002b       0x2c c:/program files/microchip/xc32/v4.35/bin/bin/../../lib/gcc/pic32c/8.3.1/../../../../pic32c/lib/thumb/v7e-m+fp/hard\libg-musl.a(stdout.o)
 .comment       0x0000002b       0x2c c:/program files/microchip/xc32/v4.35/bin/bin/../../lib/gcc/pic32c/8.3.1/../../../../pic32c/lib/thumb/v7e-m+fp/hard\libg-musl.a(vfprintf.o)
 .comment       0x0000002b       0x2c c:/program files/microchip/xc32/v4.35/bin/bin/../../lib/gcc/pic32c/8.3.1/../../../../pic32c/lib/thumb/v7e-m+fp/hard\libg-musl.a(strlen.o)
 .comment       0x0000002b       0x2c c:/program files/microchip/xc32/v4.35/bin/bin/../../lib/gcc/pic32c/8.3.1/../../../../pic32c/lib/thumb/v7e-m+fp/hard\libg-musl.a(__pop_float.o)
 .comment       0x0000002b       0x2c c:/program files/microchip/xc32/v4.35/bin/bin/../../lib/gcc/pic32c/8.3.1/../../../../pic32c/lib/thumb/v7e-m+fp/hard\libg-musl.a(__pop_int.o)
 .comment       0x0000002b       0x2c c:/program files/microchip/xc32/v4.35/bin/bin/../../lib/gcc/pic32c/8.3.1/../../../../pic32c/lib/thumb/v7e-m+fp/hard\libg-musl.a(__pop_ptr.o)
 .comment       0x0000002b       0x2c c:/program files/microchip/xc32/v4.35/bin/bin/../../lib/gcc/pic32c/8.3.1/../../../../pic32c/lib/thumb/v7e-m+fp/hard\libg-musl.a(__printf_core.o)
 .comment       0x0000002b       0x2c c:/program files/microchip/xc32/v4.35/bin/bin/../../lib/gcc/pic32c/8.3.1/../../../../pic32c/lib/thumb/v7e-m+fp/hard\libg-musl.a(atoi.o)
 .comment       0x0000002b       0x2c c:/program files/microchip/xc32/v4.35/bin/bin/../../lib/gcc/pic32c/8.3.1/../../../../pic32c/lib/thumb/v7e-m+fp/hard\libg-musl.a(tolower.o)
 .comment       0x0000002b       0x2c c:/program files/microchip/xc32/v4.35/bin/bin/../../lib/gcc/pic32c/8.3.1/../../../../pic32c/lib/thumb/v7e-m+fp/hard\libg-musl.a(__fmt_a.o)
 .comment       0x0000002b       0x2c c:/program files/microchip/xc32/v4.35/bin/bin/../../lib/gcc/pic32c/8.3.1/../../../../pic32c/lib/thumb/v7e-m+fp/hard\libg-musl.a(__fmt_d.o)
 .comment       0x0000002b       0x2c c:/program files/microchip/xc32/v4.35/bin/bin/../../lib/gcc/pic32c/8.3.1/../../../../pic32c/lib/thumb/v7e-m+fp/hard\libg-musl.a(__fmt_fp.o)
 .comment       0x0000002b       0x2c c:/program files/microchip/xc32/v4.35/bin/bin/../../lib/gcc/pic32c/8.3.1/../../../../pic32c/lib/thumb/v7e-m+fp/hard\libg-musl.a(__fmt_o.o)
 .comment       0x0000002b       0x2c c:/program files/microchip/xc32/v4.35/bin/bin/../../lib/gcc/pic32c/8.3.1/../../../../pic32c/lib/thumb/v7e-m+fp/hard\libg-musl.a(__fmt_s.o)
 .comment       0x0000002b       0x2c c:/program files/microchip/xc32/v4.35/bin/bin/../../lib/gcc/pic32c/8.3.1/../../../../pic32c/lib/thumb/v7e-m+fp/hard\libg-musl.a(__fmt_u.o)
 .comment       0x0000002b       0x2c c:/program files/microchip/xc32/v4.35/bin/bin/../../lib/gcc/pic32c/8.3.1/../../../../pic32c/lib/thumb/v7e-m+fp/hard\libg-musl.a(__fmt_x.o)
 .comment       0x0000002b       0x2c c:/program files/microchip/xc32/v4.35/bin/bin/../../lib/gcc/pic32c/8.3.1/../../../../pic32c/lib/thumb/v7e-m+fp/hard\libg-musl.a(__init_stdio.o)
 .comment       0x0000002b       0x2c c:/program files/microchip/xc32/v4.35/bin/bin/../../lib/gcc/pic32c/8.3.1/../../../../pic32c/lib/thumb/v7e-m+fp/hard\libg-musl.a(__out.o)
 .comment       0x0000002b       0x2c c:/program files/microchip/xc32/v4.35/bin/bin/../../lib/gcc/pic32c/8.3.1/../../../../pic32c/lib/thumb/v7e-m+fp/hard\libg-musl.a(strcpy.o)
 .comment       0x0000002b       0x2c c:/program files/microchip/xc32/v4.35/bin/bin/../../lib/gcc/pic32c/8.3.1/../../../../pic32c/lib/thumb/v7e-m+fp/hard\libg-musl.a(toupper.o)
 .comment       0x0000002b       0x2c c:/program files/microchip/xc32/v4.35/bin/bin/../../lib/gcc/pic32c/8.3.1/../../../../pic32c/lib/thumb/v7e-m+fp/hard\libg-musl.a(__cvt_u.o)
 .comment       0x0000002b       0x2c c:/program files/microchip/xc32/v4.35/bin/bin/../../lib/gcc/pic32c/8.3.1/../../../../pic32c/lib/thumb/v7e-m+fp/hard\libg-musl.a(stpcpy.o)
 .comment       0x0000002b       0x2c c:/program files/microchip/xc32/v4.35/bin/bin/../../lib/gcc/pic32c/8.3.1/../../../../pic32c/lib/thumb/v7e-m+fp/hard\libm-fast-emfloat.a(fma.o)
 .comment       0x0000002b       0x2c c:/program files/microchip/xc32/v4.35/bin/bin/../../lib/gcc/pic32c/8.3.1/../../../../pic32c/lib/thumb/v7e-m+fp/hard\libm-fast-emfloat.a(floor.o)
 .comment       0x0000002b       0x2c c:/program files/microchip/xc32/v4.35/bin/bin/../../lib/gcc/pic32c/8.3.1/thumb/v7e-m+fp/hard\libgcc.a(_udivmoddi4.o)
 .comment       0x0000002b       0x2c c:/program files/microchip/xc32/v4.35/bin/bin/../../lib/gcc/pic32c/8.3.1/../../../../pic32c/lib/thumb/v7e-m+fp/hard\libpic32c.a(sbrk.o)
 .comment       0x0000002b       0x2c c:/program files/microchip/xc32/v4.35/bin/bin/../../lib/gcc/pic32c/8.3.1/../../../../pic32c/lib/thumb/v7e-m+fp/hard\libpic32c.a(pic32_data_init_clear.o)
 .comment       0x0000002b       0x2c c:/program files/microchip/xc32/v4.35/bin/bin/../../lib/gcc/pic32c/8.3.1/../../../../pic32c/lib/thumb/v7e-m+fp/hard\libpic32c.a(pic32_data_init_copy.o)

.debug_info     0x00000000    0x21a3e
 .debug_info    0x00000000      0x6b0 build/LVLEU05/debug/_ext/900200176/I2C_DRV.o
 .debug_info    0x000006b0     0x186e build/LVLEU05/debug/_ext/900200176/MLX90614_DRV.o
 .debug_info    0x00001f1e      0xd8a build/LVLEU05/debug/_ext/561848293/MLX90614_Plugin.o
 .debug_info    0x00002ca8      0x73e build/LVLEU05/debug/_ext/2072612147/log.o
 .debug_info    0x000033e6      0x482 build/LVLEU05/debug/_ext/2072612147/clock.o
 .debug_info    0x00003868      0x934 build/LVLEU05/debug/_ext/1580911642/osal_freertos.o
 .debug_info    0x0000419c     0x13cb build/LVLEU05/debug/_ext/1475227814/plib_clk.o
 .debug_info    0x00005567     0x20b7 build/LVLEU05/debug/_ext/1512701079/plib_gpio.o
 .debug_info    0x0000761e      0xc8a build/LVLEU05/debug/_ext/1512915370/plib_nvic.o
 .debug_info    0x000082a8     0x164b build/LVLEU05/debug/_ext/566442893/plib_sercom2_i2c_master.o
 .debug_info    0x000098f3     0x14b1 build/LVLEU05/debug/_ext/1949253983/plib_sercom0_usart.o
 .debug_info    0x0000ada4      0xc4c build/LVLEU05/debug/_ext/1710155465/plib_tc0.o
 .debug_info    0x0000b9f0      0x397 build/LVLEU05/debug/_ext/1767347422/xc32_monitor.o
 .debug_info    0x0000bd87      0x9dc build/LVLEU05/debug/_ext/346275119/sys_int.o
 .debug_info    0x0000c763     0x1f64 build/LVLEU05/debug/_ext/454437993/sys_time.o
 .debug_info    0x0000e6c7      0x392 build/LVLEU05/debug/_ext/891923492/exceptions.o
 .debug_info    0x0000ea59      0x79d build/LVLEU05/debug/_ext/891923492/startup_xc32.o
 .debug_info    0x0000f1f6      0x9ed build/LVLEU05/debug/_ext/891923492/interrupts.o
 .debug_info    0x0000fbe3      0xafd build/LVLEU05/debug/_ext/891923492/initialization.o
 .debug_info    0x000106e0      0x387 build/LVLEU05/debug/_ext/891923492/tasks.o
 .debug_info    0x00010a67      0x4a1 build/LVLEU05/debug/_ext/891923492/freertos_hooks.o
 .debug_info    0x00010f08      0x6b8 build/LVLEU05/debug/_ext/246609638/port.o
 .debug_info    0x000115c0      0x422 build/LVLEU05/debug/_ext/1665200909/heap_1.o
 .debug_info    0x000119e2     0x2630 build/LVLEU05/debug/_ext/404212886/FreeRTOS_tasks.o
 .debug_info    0x00014012     0x1777 build/LVLEU05/debug/_ext/404212886/queue.o
 .debug_info    0x00015789      0x5d5 build/LVLEU05/debug/_ext/404212886/list.o
 .debug_info    0x00015d5e      0x2a6 build/LVLEU05/debug/_ext/1360937237/main.o
 .debug_info    0x00016004      0x2c3 c:/program files/microchip/xc32/v4.35/bin/bin/../../lib/gcc/pic32c/8.3.1/../../../../pic32c/lib/thumb/v7e-m+fp/hard\libpic32c.a(data_init.o)
 .debug_info    0x000162c7      0x620 c:/program files/microchip/xc32/v4.35/bin/bin/../../lib/gcc/pic32c/8.3.1/../../../../pic32c/lib/thumb/v7e-m+fp/hard\libg-musl.a(__libc_start_main.o)
 .debug_info    0x000168e7      0x532 c:/program files/microchip/xc32/v4.35/bin/bin/../../lib/gcc/pic32c/8.3.1/../../../../pic32c/lib/thumb/v7e-m+fp/hard\libg-musl.a(libc.o)
 .debug_info    0x00016e19     0x13a2 c:/program files/microchip/xc32/v4.35/bin/bin/../../lib/gcc/pic32c/8.3.1/../../../../pic32c/lib/thumb/v7e-m+fp/hard\libg-musl.a(malloc.o)
 .debug_info    0x000181bb      0x379 c:/program files/microchip/xc32/v4.35/bin/bin/../../lib/gcc/pic32c/8.3.1/../../../../pic32c/lib/thumb/v7e-m+fp/hard\libg-musl.a(expand_heap.o)
 .debug_info    0x00018534      0x335 c:/program files/microchip/xc32/v4.35/bin/bin/../../lib/gcc/pic32c/8.3.1/../../../../pic32c/lib/thumb/v7e-m+fp/hard\libg-musl.a(printf.o)
 .debug_info    0x00018869      0x326 c:/program files/microchip/xc32/v4.35/bin/bin/../../lib/gcc/pic32c/8.3.1/../../../../pic32c/lib/thumb/v7e-m+fp/hard\libg-musl.a(vprintf.o)
 .debug_info    0x00018b8f      0x2f8 c:/program files/microchip/xc32/v4.35/bin/bin/../../lib/gcc/pic32c/8.3.1/../../../../pic32c/lib/thumb/v7e-m+fp/hard\libg-musl.a(memcpy.o)
 .debug_info    0x00018e87      0x2bc c:/program files/microchip/xc32/v4.35/bin/bin/../../lib/gcc/pic32c/8.3.1/../../../../pic32c/lib/thumb/v7e-m+fp/hard\libg-musl.a(memset.o)
 .debug_info    0x00019143      0x344 c:/program files/microchip/xc32/v4.35/bin/bin/../../lib/gcc/pic32c/8.3.1/../../../../pic32c/lib/thumb/v7e-m+fp/hard\libg-musl.a(strdup.o)
 .debug_info    0x00019487      0x2ac c:/program files/microchip/xc32/v4.35/bin/bin/../../lib/gcc/pic32c/8.3.1/../../../../pic32c/lib/thumb/v7e-m+fp/hard\libg-musl.a(__environ.o)
 .debug_info    0x00019733      0x270 c:/program files/microchip/xc32/v4.35/bin/bin/../../lib/gcc/pic32c/8.3.1/../../../../pic32c/lib/thumb/v7e-m+fp/hard\libg-musl.a(__errno_location.o)
 .debug_info    0x000199a3      0x480 c:/program files/microchip/xc32/v4.35/bin/bin/../../lib/gcc/pic32c/8.3.1/../../../../pic32c/lib/thumb/v7e-m+fp/hard\libg-musl.a(stdout.o)
 .debug_info    0x00019e23      0x6bf c:/program files/microchip/xc32/v4.35/bin/bin/../../lib/gcc/pic32c/8.3.1/../../../../pic32c/lib/thumb/v7e-m+fp/hard\libg-musl.a(vfprintf.o)
 .debug_info    0x0001a4e2      0x2a7 c:/program files/microchip/xc32/v4.35/bin/bin/../../lib/gcc/pic32c/8.3.1/../../../../pic32c/lib/thumb/v7e-m+fp/hard\libg-musl.a(strlen.o)
 .debug_info    0x0001a789      0x3da c:/program files/microchip/xc32/v4.35/bin/bin/../../lib/gcc/pic32c/8.3.1/../../../../pic32c/lib/thumb/v7e-m+fp/hard\libg-musl.a(__pop_float.o)
 .debug_info    0x0001ab63      0x3fe c:/program files/microchip/xc32/v4.35/bin/bin/../../lib/gcc/pic32c/8.3.1/../../../../pic32c/lib/thumb/v7e-m+fp/hard\libg-musl.a(__pop_int.o)
 .debug_info    0x0001af61      0x404 c:/program files/microchip/xc32/v4.35/bin/bin/../../lib/gcc/pic32c/8.3.1/../../../../pic32c/lib/thumb/v7e-m+fp/hard\libg-musl.a(__pop_ptr.o)
 .debug_info    0x0001b365      0xd6b c:/program files/microchip/xc32/v4.35/bin/bin/../../lib/gcc/pic32c/8.3.1/../../../../pic32c/lib/thumb/v7e-m+fp/hard\libg-musl.a(__printf_core.o)
 .debug_info    0x0001c0d0      0x2f8 c:/program files/microchip/xc32/v4.35/bin/bin/../../lib/gcc/pic32c/8.3.1/../../../../pic32c/lib/thumb/v7e-m+fp/hard\libg-musl.a(atoi.o)
 .debug_info    0x0001c3c8      0x350 c:/program files/microchip/xc32/v4.35/bin/bin/../../lib/gcc/pic32c/8.3.1/../../../../pic32c/lib/thumb/v7e-m+fp/hard\libg-musl.a(tolower.o)
 .debug_info    0x0001c718      0x904 c:/program files/microchip/xc32/v4.35/bin/bin/../../lib/gcc/pic32c/8.3.1/../../../../pic32c/lib/thumb/v7e-m+fp/hard\libg-musl.a(__fmt_a.o)
 .debug_info    0x0001d01c      0x5bf c:/program files/microchip/xc32/v4.35/bin/bin/../../lib/gcc/pic32c/8.3.1/../../../../pic32c/lib/thumb/v7e-m+fp/hard\libg-musl.a(__fmt_d.o)
 .debug_info    0x0001d5db      0x948 c:/program files/microchip/xc32/v4.35/bin/bin/../../lib/gcc/pic32c/8.3.1/../../../../pic32c/lib/thumb/v7e-m+fp/hard\libg-musl.a(__fmt_fp.o)
 .debug_info    0x0001df23      0x590 c:/program files/microchip/xc32/v4.35/bin/bin/../../lib/gcc/pic32c/8.3.1/../../../../pic32c/lib/thumb/v7e-m+fp/hard\libg-musl.a(__fmt_o.o)
 .debug_info    0x0001e4b3      0x534 c:/program files/microchip/xc32/v4.35/bin/bin/../../lib/gcc/pic32c/8.3.1/../../../../pic32c/lib/thumb/v7e-m+fp/hard\libg-musl.a(__fmt_s.o)
 .debug_info    0x0001e9e7      0x590 c:/program files/microchip/xc32/v4.35/bin/bin/../../lib/gcc/pic32c/8.3.1/../../../../pic32c/lib/thumb/v7e-m+fp/hard\libg-musl.a(__fmt_u.o)
 .debug_info    0x0001ef77      0x5c0 c:/program files/microchip/xc32/v4.35/bin/bin/../../lib/gcc/pic32c/8.3.1/../../../../pic32c/lib/thumb/v7e-m+fp/hard\libg-musl.a(__fmt_x.o)
 .debug_info    0x0001f537      0x329 c:/program files/microchip/xc32/v4.35/bin/bin/../../lib/gcc/pic32c/8.3.1/../../../../pic32c/lib/thumb/v7e-m+fp/hard\libg-musl.a(__init_stdio.o)
 .debug_info    0x0001f860      0x535 c:/program files/microchip/xc32/v4.35/bin/bin/../../lib/gcc/pic32c/8.3.1/../../../../pic32c/lib/thumb/v7e-m+fp/hard\libg-musl.a(__out.o)
 .debug_info    0x0001fd95      0x2b1 c:/program files/microchip/xc32/v4.35/bin/bin/../../lib/gcc/pic32c/8.3.1/../../../../pic32c/lib/thumb/v7e-m+fp/hard\libg-musl.a(strcpy.o)
 .debug_info    0x00020046      0x350 c:/program files/microchip/xc32/v4.35/bin/bin/../../lib/gcc/pic32c/8.3.1/../../../../pic32c/lib/thumb/v7e-m+fp/hard\libg-musl.a(toupper.o)
 .debug_info    0x00020396      0x440 c:/program files/microchip/xc32/v4.35/bin/bin/../../lib/gcc/pic32c/8.3.1/../../../../pic32c/lib/thumb/v7e-m+fp/hard\libg-musl.a(__cvt_u.o)
 .debug_info    0x000207d6      0x2b9 c:/program files/microchip/xc32/v4.35/bin/bin/../../lib/gcc/pic32c/8.3.1/../../../../pic32c/lib/thumb/v7e-m+fp/hard\libg-musl.a(stpcpy.o)
 .debug_info    0x00020a8f       0x26 c:/program files/microchip/xc32/v4.35/bin/bin/../../lib/gcc/pic32c/8.3.1/thumb/v7e-m+fp/hard\libgcc.a(_aeabi_uldivmod.o)
 .debug_info    0x00020ab5      0x7a9 c:/program files/microchip/xc32/v4.35/bin/bin/../../lib/gcc/pic32c/8.3.1/thumb/v7e-m+fp/hard\libgcc.a(_udivmoddi4.o)
 .debug_info    0x0002125e       0x26 c:/program files/microchip/xc32/v4.35/bin/bin/../../lib/gcc/pic32c/8.3.1/thumb/v7e-m+fp/hard\libgcc.a(_dvmd_tls.o)
 .debug_info    0x00021284      0x283 c:/program files/microchip/xc32/v4.35/bin/bin/../../lib/gcc/pic32c/8.3.1/../../../../pic32c/lib/thumb/v7e-m+fp/hard\libpic32c.a(sbrk.o)
 .debug_info    0x00021507      0x29c c:/program files/microchip/xc32/v4.35/bin/bin/../../lib/gcc/pic32c/8.3.1/../../../../pic32c/lib/thumb/v7e-m+fp/hard\libpic32c.a(pic32_data_init_clear.o)
 .debug_info    0x000217a3      0x29b c:/program files/microchip/xc32/v4.35/bin/bin/../../lib/gcc/pic32c/8.3.1/../../../../pic32c/lib/thumb/v7e-m+fp/hard\libpic32c.a(pic32_data_init_copy.o)

.debug_abbrev   0x00000000     0x4d34
 .debug_abbrev  0x00000000       0xfb build/LVLEU05/debug/_ext/900200176/I2C_DRV.o
 .debug_abbrev  0x000000fb      0x211 build/LVLEU05/debug/_ext/900200176/MLX90614_DRV.o
 .debug_abbrev  0x0000030c      0x163 build/LVLEU05/debug/_ext/561848293/MLX90614_Plugin.o
 .debug_abbrev  0x0000046f      0x14a build/LVLEU05/debug/_ext/2072612147/log.o
 .debug_abbrev  0x000005b9      0x110 build/LVLEU05/debug/_ext/2072612147/clock.o
 .debug_abbrev  0x000006c9      0x18d build/LVLEU05/debug/_ext/1580911642/osal_freertos.o
 .debug_abbrev  0x00000856      0x102 build/LVLEU05/debug/_ext/1475227814/plib_clk.o
 .debug_abbrev  0x00000958      0x23c build/LVLEU05/debug/_ext/1512701079/plib_gpio.o
 .debug_abbrev  0x00000b94      0x1ec build/LVLEU05/debug/_ext/1512915370/plib_nvic.o
 .debug_abbrev  0x00000d80      0x2f9 build/LVLEU05/debug/_ext/566442893/plib_sercom2_i2c_master.o
 .debug_abbrev  0x00001079      0x259 build/LVLEU05/debug/_ext/1949253983/plib_sercom0_usart.o
 .debug_abbrev  0x000012d2      0x1bc build/LVLEU05/debug/_ext/1710155465/plib_tc0.o
 .debug_abbrev  0x0000148e       0x91 build/LVLEU05/debug/_ext/1767347422/xc32_monitor.o
 .debug_abbrev  0x0000151f      0x1a1 build/LVLEU05/debug/_ext/346275119/sys_int.o
 .debug_abbrev  0x000016c0      0x333 build/LVLEU05/debug/_ext/454437993/sys_time.o
 .debug_abbrev  0x000019f3       0x3c build/LVLEU05/debug/_ext/891923492/exceptions.o
 .debug_abbrev  0x00001a2f      0x19e build/LVLEU05/debug/_ext/891923492/startup_xc32.o
 .debug_abbrev  0x00001bcd       0xb3 build/LVLEU05/debug/_ext/891923492/interrupts.o
 .debug_abbrev  0x00001c80      0x178 build/LVLEU05/debug/_ext/891923492/initialization.o
 .debug_abbrev  0x00001df8       0xcb build/LVLEU05/debug/_ext/891923492/tasks.o
 .debug_abbrev  0x00001ec3      0x114 build/LVLEU05/debug/_ext/891923492/freertos_hooks.o
 .debug_abbrev  0x00001fd7      0x20a build/LVLEU05/debug/_ext/246609638/port.o
 .debug_abbrev  0x000021e1       0xef build/LVLEU05/debug/_ext/1665200909/heap_1.o
 .debug_abbrev  0x000022d0      0x2ef build/LVLEU05/debug/_ext/404212886/FreeRTOS_tasks.o
 .debug_abbrev  0x000025bf      0x236 build/LVLEU05/debug/_ext/404212886/queue.o
 .debug_abbrev  0x000027f5      0x126 build/LVLEU05/debug/_ext/404212886/list.o
 .debug_abbrev  0x0000291b       0x3b build/LVLEU05/debug/_ext/1360937237/main.o
 .debug_abbrev  0x00002956       0x44 c:/program files/microchip/xc32/v4.35/bin/bin/../../lib/gcc/pic32c/8.3.1/../../../../pic32c/lib/thumb/v7e-m+fp/hard\libpic32c.a(data_init.o)
 .debug_abbrev  0x0000299a      0x117 c:/program files/microchip/xc32/v4.35/bin/bin/../../lib/gcc/pic32c/8.3.1/../../../../pic32c/lib/thumb/v7e-m+fp/hard\libg-musl.a(__libc_start_main.o)
 .debug_abbrev  0x00002ab1       0xb8 c:/program files/microchip/xc32/v4.35/bin/bin/../../lib/gcc/pic32c/8.3.1/../../../../pic32c/lib/thumb/v7e-m+fp/hard\libg-musl.a(libc.o)
 .debug_abbrev  0x00002b69      0x402 c:/program files/microchip/xc32/v4.35/bin/bin/../../lib/gcc/pic32c/8.3.1/../../../../pic32c/lib/thumb/v7e-m+fp/hard\libg-musl.a(malloc.o)
 .debug_abbrev  0x00002f6b       0xa5 c:/program files/microchip/xc32/v4.35/bin/bin/../../lib/gcc/pic32c/8.3.1/../../../../pic32c/lib/thumb/v7e-m+fp/hard\libg-musl.a(expand_heap.o)
 .debug_abbrev  0x00003010      0x112 c:/program files/microchip/xc32/v4.35/bin/bin/../../lib/gcc/pic32c/8.3.1/../../../../pic32c/lib/thumb/v7e-m+fp/hard\libg-musl.a(printf.o)
 .debug_abbrev  0x00003122       0xee c:/program files/microchip/xc32/v4.35/bin/bin/../../lib/gcc/pic32c/8.3.1/../../../../pic32c/lib/thumb/v7e-m+fp/hard\libg-musl.a(vprintf.o)
 .debug_abbrev  0x00003210       0x9c c:/program files/microchip/xc32/v4.35/bin/bin/../../lib/gcc/pic32c/8.3.1/../../../../pic32c/lib/thumb/v7e-m+fp/hard\libg-musl.a(memcpy.o)
 .debug_abbrev  0x000032ac       0x97 c:/program files/microchip/xc32/v4.35/bin/bin/../../lib/gcc/pic32c/8.3.1/../../../../pic32c/lib/thumb/v7e-m+fp/hard\libg-musl.a(memset.o)
 .debug_abbrev  0x00003343       0xc1 c:/program files/microchip/xc32/v4.35/bin/bin/../../lib/gcc/pic32c/8.3.1/../../../../pic32c/lib/thumb/v7e-m+fp/hard\libg-musl.a(strdup.o)
 .debug_abbrev  0x00003404       0x57 c:/program files/microchip/xc32/v4.35/bin/bin/../../lib/gcc/pic32c/8.3.1/../../../../pic32c/lib/thumb/v7e-m+fp/hard\libg-musl.a(__environ.o)
 .debug_abbrev  0x0000345b       0x2e c:/program files/microchip/xc32/v4.35/bin/bin/../../lib/gcc/pic32c/8.3.1/../../../../pic32c/lib/thumb/v7e-m+fp/hard\libg-musl.a(__errno_location.o)
 .debug_abbrev  0x00003489      0x135 c:/program files/microchip/xc32/v4.35/bin/bin/../../lib/gcc/pic32c/8.3.1/../../../../pic32c/lib/thumb/v7e-m+fp/hard\libg-musl.a(stdout.o)
 .debug_abbrev  0x000035be      0x16d c:/program files/microchip/xc32/v4.35/bin/bin/../../lib/gcc/pic32c/8.3.1/../../../../pic32c/lib/thumb/v7e-m+fp/hard\libg-musl.a(vfprintf.o)
 .debug_abbrev  0x0000372b       0x86 c:/program files/microchip/xc32/v4.35/bin/bin/../../lib/gcc/pic32c/8.3.1/../../../../pic32c/lib/thumb/v7e-m+fp/hard\libg-musl.a(strlen.o)
 .debug_abbrev  0x000037b1       0xbd c:/program files/microchip/xc32/v4.35/bin/bin/../../lib/gcc/pic32c/8.3.1/../../../../pic32c/lib/thumb/v7e-m+fp/hard\libg-musl.a(__pop_float.o)
 .debug_abbrev  0x0000386e       0xbd c:/program files/microchip/xc32/v4.35/bin/bin/../../lib/gcc/pic32c/8.3.1/../../../../pic32c/lib/thumb/v7e-m+fp/hard\libg-musl.a(__pop_int.o)
 .debug_abbrev  0x0000392b       0xce c:/program files/microchip/xc32/v4.35/bin/bin/../../lib/gcc/pic32c/8.3.1/../../../../pic32c/lib/thumb/v7e-m+fp/hard\libg-musl.a(__pop_ptr.o)
 .debug_abbrev  0x000039f9      0x2c5 c:/program files/microchip/xc32/v4.35/bin/bin/../../lib/gcc/pic32c/8.3.1/../../../../pic32c/lib/thumb/v7e-m+fp/hard\libg-musl.a(__printf_core.o)
 .debug_abbrev  0x00003cbe       0xbb c:/program files/microchip/xc32/v4.35/bin/bin/../../lib/gcc/pic32c/8.3.1/../../../../pic32c/lib/thumb/v7e-m+fp/hard\libg-musl.a(atoi.o)
 .debug_abbrev  0x00003d79       0xfd c:/program files/microchip/xc32/v4.35/bin/bin/../../lib/gcc/pic32c/8.3.1/../../../../pic32c/lib/thumb/v7e-m+fp/hard\libg-musl.a(tolower.o)
 .debug_abbrev  0x00003e76      0x194 c:/program files/microchip/xc32/v4.35/bin/bin/../../lib/gcc/pic32c/8.3.1/../../../../pic32c/lib/thumb/v7e-m+fp/hard\libg-musl.a(__fmt_a.o)
 .debug_abbrev  0x0000400a      0x120 c:/program files/microchip/xc32/v4.35/bin/bin/../../lib/gcc/pic32c/8.3.1/../../../../pic32c/lib/thumb/v7e-m+fp/hard\libg-musl.a(__fmt_d.o)
 .debug_abbrev  0x0000412a      0x1b3 c:/program files/microchip/xc32/v4.35/bin/bin/../../lib/gcc/pic32c/8.3.1/../../../../pic32c/lib/thumb/v7e-m+fp/hard\libg-musl.a(__fmt_fp.o)
 .debug_abbrev  0x000042dd      0x120 c:/program files/microchip/xc32/v4.35/bin/bin/../../lib/gcc/pic32c/8.3.1/../../../../pic32c/lib/thumb/v7e-m+fp/hard\libg-musl.a(__fmt_o.o)
 .debug_abbrev  0x000043fd      0x10b c:/program files/microchip/xc32/v4.35/bin/bin/../../lib/gcc/pic32c/8.3.1/../../../../pic32c/lib/thumb/v7e-m+fp/hard\libg-musl.a(__fmt_s.o)
 .debug_abbrev  0x00004508      0x120 c:/program files/microchip/xc32/v4.35/bin/bin/../../lib/gcc/pic32c/8.3.1/../../../../pic32c/lib/thumb/v7e-m+fp/hard\libg-musl.a(__fmt_u.o)
 .debug_abbrev  0x00004628      0x10f c:/program files/microchip/xc32/v4.35/bin/bin/../../lib/gcc/pic32c/8.3.1/../../../../pic32c/lib/thumb/v7e-m+fp/hard\libg-musl.a(__fmt_x.o)
 .debug_abbrev  0x00004737       0x5a c:/program files/microchip/xc32/v4.35/bin/bin/../../lib/gcc/pic32c/8.3.1/../../../../pic32c/lib/thumb/v7e-m+fp/hard\libg-musl.a(__init_stdio.o)
 .debug_abbrev  0x00004791      0x170 c:/program files/microchip/xc32/v4.35/bin/bin/../../lib/gcc/pic32c/8.3.1/../../../../pic32c/lib/thumb/v7e-m+fp/hard\libg-musl.a(__out.o)
 .debug_abbrev  0x00004901       0x8e c:/program files/microchip/xc32/v4.35/bin/bin/../../lib/gcc/pic32c/8.3.1/../../../../pic32c/lib/thumb/v7e-m+fp/hard\libg-musl.a(strcpy.o)
 .debug_abbrev  0x0000498f       0xfd c:/program files/microchip/xc32/v4.35/bin/bin/../../lib/gcc/pic32c/8.3.1/../../../../pic32c/lib/thumb/v7e-m+fp/hard\libg-musl.a(toupper.o)
 .debug_abbrev  0x00004a8c       0xa1 c:/program files/microchip/xc32/v4.35/bin/bin/../../lib/gcc/pic32c/8.3.1/../../../../pic32c/lib/thumb/v7e-m+fp/hard\libg-musl.a(__cvt_u.o)
 .debug_abbrev  0x00004b2d       0x63 c:/program files/microchip/xc32/v4.35/bin/bin/../../lib/gcc/pic32c/8.3.1/../../../../pic32c/lib/thumb/v7e-m+fp/hard\libg-musl.a(stpcpy.o)
 .debug_abbrev  0x00004b90       0x14 c:/program files/microchip/xc32/v4.35/bin/bin/../../lib/gcc/pic32c/8.3.1/thumb/v7e-m+fp/hard\libgcc.a(_aeabi_uldivmod.o)
 .debug_abbrev  0x00004ba4       0xf2 c:/program files/microchip/xc32/v4.35/bin/bin/../../lib/gcc/pic32c/8.3.1/thumb/v7e-m+fp/hard\libgcc.a(_udivmoddi4.o)
 .debug_abbrev  0x00004c96       0x14 c:/program files/microchip/xc32/v4.35/bin/bin/../../lib/gcc/pic32c/8.3.1/thumb/v7e-m+fp/hard\libgcc.a(_dvmd_tls.o)
 .debug_abbrev  0x00004caa       0x2e c:/program files/microchip/xc32/v4.35/bin/bin/../../lib/gcc/pic32c/8.3.1/../../../../pic32c/lib/thumb/v7e-m+fp/hard\libpic32c.a(sbrk.o)
 .debug_abbrev  0x00004cd8       0x2e c:/program files/microchip/xc32/v4.35/bin/bin/../../lib/gcc/pic32c/8.3.1/../../../../pic32c/lib/thumb/v7e-m+fp/hard\libpic32c.a(pic32_data_init_clear.o)
 .debug_abbrev  0x00004d06       0x2e c:/program files/microchip/xc32/v4.35/bin/bin/../../lib/gcc/pic32c/8.3.1/../../../../pic32c/lib/thumb/v7e-m+fp/hard\libpic32c.a(pic32_data_init_copy.o)

.debug_loc      0x00000000     0xb039
 .debug_loc     0x00000000      0x16c build/LVLEU05/debug/_ext/900200176/I2C_DRV.o
 .debug_loc     0x0000016c      0xe02 build/LVLEU05/debug/_ext/900200176/MLX90614_DRV.o
 .debug_loc     0x00000f6e      0x176 build/LVLEU05/debug/_ext/561848293/MLX90614_Plugin.o
 .debug_loc     0x000010e4      0x3f4 build/LVLEU05/debug/_ext/2072612147/log.o
 .debug_loc     0x000014d8       0xe4 build/LVLEU05/debug/_ext/2072612147/clock.o
 .debug_loc     0x000015bc      0x4a4 build/LVLEU05/debug/_ext/1580911642/osal_freertos.o
 .debug_loc     0x00001a60       0x5c build/LVLEU05/debug/_ext/1475227814/plib_clk.o
 .debug_loc     0x00001abc      0x558 build/LVLEU05/debug/_ext/1512701079/plib_gpio.o
 .debug_loc     0x00002014      0x23c build/LVLEU05/debug/_ext/1512915370/plib_nvic.o
 .debug_loc     0x00002250      0x46c build/LVLEU05/debug/_ext/566442893/plib_sercom2_i2c_master.o
 .debug_loc     0x000026bc      0x57c build/LVLEU05/debug/_ext/1949253983/plib_sercom0_usart.o
 .debug_loc     0x00002c38      0x3b4 build/LVLEU05/debug/_ext/1710155465/plib_tc0.o
 .debug_loc     0x00002fec       0xa0 build/LVLEU05/debug/_ext/1767347422/xc32_monitor.o
 .debug_loc     0x0000308c      0x25c build/LVLEU05/debug/_ext/346275119/sys_int.o
 .debug_loc     0x000032e8      0xc92 build/LVLEU05/debug/_ext/454437993/sys_time.o
 .debug_loc     0x00003f7a      0x108 build/LVLEU05/debug/_ext/891923492/exceptions.o
 .debug_loc     0x00004082       0x20 build/LVLEU05/debug/_ext/891923492/startup_xc32.o
 .debug_loc     0x000040a2       0x50 build/LVLEU05/debug/_ext/891923492/initialization.o
 .debug_loc     0x000040f2       0x7c build/LVLEU05/debug/_ext/891923492/tasks.o
 .debug_loc     0x0000416e      0x148 build/LVLEU05/debug/_ext/891923492/freertos_hooks.o
 .debug_loc     0x000042b6      0x274 build/LVLEU05/debug/_ext/246609638/port.o
 .debug_loc     0x0000452a      0x134 build/LVLEU05/debug/_ext/1665200909/heap_1.o
 .debug_loc     0x0000465e      0xfe0 build/LVLEU05/debug/_ext/404212886/FreeRTOS_tasks.o
 .debug_loc     0x0000563e      0x900 build/LVLEU05/debug/_ext/404212886/queue.o
 .debug_loc     0x00005f3e      0x1cc build/LVLEU05/debug/_ext/404212886/list.o
 .debug_loc     0x0000610a       0x2c build/LVLEU05/debug/_ext/1360937237/main.o
 .debug_loc     0x00006136       0x14 c:/program files/microchip/xc32/v4.35/bin/bin/../../lib/gcc/pic32c/8.3.1/../../../../pic32c/lib/thumb/v7e-m+fp/hard\libpic32c.a(data_init.o)
 .debug_loc     0x0000614a       0x51 c:/program files/microchip/xc32/v4.35/bin/bin/../../lib/gcc/pic32c/8.3.1/../../../../pic32c/lib/thumb/v7e-m+fp/hard\libg-musl.a(__libc_start_main.o)
 .debug_loc     0x0000619b      0xcef c:/program files/microchip/xc32/v4.35/bin/bin/../../lib/gcc/pic32c/8.3.1/../../../../pic32c/lib/thumb/v7e-m+fp/hard\libg-musl.a(malloc.o)
 .debug_loc     0x00006e8a       0x7c c:/program files/microchip/xc32/v4.35/bin/bin/../../lib/gcc/pic32c/8.3.1/../../../../pic32c/lib/thumb/v7e-m+fp/hard\libg-musl.a(expand_heap.o)
 .debug_loc     0x00006f06       0x65 c:/program files/microchip/xc32/v4.35/bin/bin/../../lib/gcc/pic32c/8.3.1/../../../../pic32c/lib/thumb/v7e-m+fp/hard\libg-musl.a(printf.o)
 .debug_loc     0x00006f6b       0x47 c:/program files/microchip/xc32/v4.35/bin/bin/../../lib/gcc/pic32c/8.3.1/../../../../pic32c/lib/thumb/v7e-m+fp/hard\libg-musl.a(vprintf.o)
 .debug_loc     0x00006fb2      0x10b c:/program files/microchip/xc32/v4.35/bin/bin/../../lib/gcc/pic32c/8.3.1/../../../../pic32c/lib/thumb/v7e-m+fp/hard\libg-musl.a(memcpy.o)
 .debug_loc     0x000070bd       0x7d c:/program files/microchip/xc32/v4.35/bin/bin/../../lib/gcc/pic32c/8.3.1/../../../../pic32c/lib/thumb/v7e-m+fp/hard\libg-musl.a(memset.o)
 .debug_loc     0x0000713a       0xf7 c:/program files/microchip/xc32/v4.35/bin/bin/../../lib/gcc/pic32c/8.3.1/../../../../pic32c/lib/thumb/v7e-m+fp/hard\libg-musl.a(strdup.o)
 .debug_loc     0x00007231       0x20 c:/program files/microchip/xc32/v4.35/bin/bin/../../lib/gcc/pic32c/8.3.1/../../../../pic32c/lib/thumb/v7e-m+fp/hard\libg-musl.a(stdout.o)
 .debug_loc     0x00007251       0x88 c:/program files/microchip/xc32/v4.35/bin/bin/../../lib/gcc/pic32c/8.3.1/../../../../pic32c/lib/thumb/v7e-m+fp/hard\libg-musl.a(vfprintf.o)
 .debug_loc     0x000072d9       0x90 c:/program files/microchip/xc32/v4.35/bin/bin/../../lib/gcc/pic32c/8.3.1/../../../../pic32c/lib/thumb/v7e-m+fp/hard\libg-musl.a(strlen.o)
 .debug_loc     0x00007369       0xa6 c:/program files/microchip/xc32/v4.35/bin/bin/../../lib/gcc/pic32c/8.3.1/../../../../pic32c/lib/thumb/v7e-m+fp/hard\libg-musl.a(__pop_float.o)
 .debug_loc     0x0000740f      0x2f5 c:/program files/microchip/xc32/v4.35/bin/bin/../../lib/gcc/pic32c/8.3.1/../../../../pic32c/lib/thumb/v7e-m+fp/hard\libg-musl.a(__pop_int.o)
 .debug_loc     0x00007704      0x1db c:/program files/microchip/xc32/v4.35/bin/bin/../../lib/gcc/pic32c/8.3.1/../../../../pic32c/lib/thumb/v7e-m+fp/hard\libg-musl.a(__pop_ptr.o)
 .debug_loc     0x000078df      0x5e9 c:/program files/microchip/xc32/v4.35/bin/bin/../../lib/gcc/pic32c/8.3.1/../../../../pic32c/lib/thumb/v7e-m+fp/hard\libg-musl.a(__printf_core.o)
 .debug_loc     0x00007ec8       0xd8 c:/program files/microchip/xc32/v4.35/bin/bin/../../lib/gcc/pic32c/8.3.1/../../../../pic32c/lib/thumb/v7e-m+fp/hard\libg-musl.a(atoi.o)
 .debug_loc     0x00007fa0       0x4a c:/program files/microchip/xc32/v4.35/bin/bin/../../lib/gcc/pic32c/8.3.1/../../../../pic32c/lib/thumb/v7e-m+fp/hard\libg-musl.a(tolower.o)
 .debug_loc     0x00007fea      0xb2d c:/program files/microchip/xc32/v4.35/bin/bin/../../lib/gcc/pic32c/8.3.1/../../../../pic32c/lib/thumb/v7e-m+fp/hard\libg-musl.a(__fmt_a.o)
 .debug_loc     0x00008b17      0x1ef c:/program files/microchip/xc32/v4.35/bin/bin/../../lib/gcc/pic32c/8.3.1/../../../../pic32c/lib/thumb/v7e-m+fp/hard\libg-musl.a(__fmt_d.o)
 .debug_loc     0x00008d06      0xa5d c:/program files/microchip/xc32/v4.35/bin/bin/../../lib/gcc/pic32c/8.3.1/../../../../pic32c/lib/thumb/v7e-m+fp/hard\libg-musl.a(__fmt_fp.o)
 .debug_loc     0x00009763      0x10a c:/program files/microchip/xc32/v4.35/bin/bin/../../lib/gcc/pic32c/8.3.1/../../../../pic32c/lib/thumb/v7e-m+fp/hard\libg-musl.a(__fmt_o.o)
 .debug_loc     0x0000986d      0x157 c:/program files/microchip/xc32/v4.35/bin/bin/../../lib/gcc/pic32c/8.3.1/../../../../pic32c/lib/thumb/v7e-m+fp/hard\libg-musl.a(__fmt_s.o)
 .debug_loc     0x000099c4      0x10a c:/program files/microchip/xc32/v4.35/bin/bin/../../lib/gcc/pic32c/8.3.1/../../../../pic32c/lib/thumb/v7e-m+fp/hard\libg-musl.a(__fmt_u.o)
 .debug_loc     0x00009ace      0x26d c:/program files/microchip/xc32/v4.35/bin/bin/../../lib/gcc/pic32c/8.3.1/../../../../pic32c/lib/thumb/v7e-m+fp/hard\libg-musl.a(__fmt_x.o)
 .debug_loc     0x00009d3b       0x20 c:/program files/microchip/xc32/v4.35/bin/bin/../../lib/gcc/pic32c/8.3.1/../../../../pic32c/lib/thumb/v7e-m+fp/hard\libg-musl.a(__init_stdio.o)
 .debug_loc     0x00009d5b      0x1a8 c:/program files/microchip/xc32/v4.35/bin/bin/../../lib/gcc/pic32c/8.3.1/../../../../pic32c/lib/thumb/v7e-m+fp/hard\libg-musl.a(__out.o)
 .debug_loc     0x00009f03       0x67 c:/program files/microchip/xc32/v4.35/bin/bin/../../lib/gcc/pic32c/8.3.1/../../../../pic32c/lib/thumb/v7e-m+fp/hard\libg-musl.a(strcpy.o)
 .debug_loc     0x00009f6a       0x4a c:/program files/microchip/xc32/v4.35/bin/bin/../../lib/gcc/pic32c/8.3.1/../../../../pic32c/lib/thumb/v7e-m+fp/hard\libg-musl.a(toupper.o)
 .debug_loc     0x00009fb4      0x198 c:/program files/microchip/xc32/v4.35/bin/bin/../../lib/gcc/pic32c/8.3.1/../../../../pic32c/lib/thumb/v7e-m+fp/hard\libg-musl.a(__cvt_u.o)
 .debug_loc     0x0000a14c       0x60 c:/program files/microchip/xc32/v4.35/bin/bin/../../lib/gcc/pic32c/8.3.1/../../../../pic32c/lib/thumb/v7e-m+fp/hard\libg-musl.a(stpcpy.o)
 .debug_loc     0x0000a1ac      0xe79 c:/program files/microchip/xc32/v4.35/bin/bin/../../lib/gcc/pic32c/8.3.1/thumb/v7e-m+fp/hard\libgcc.a(_udivmoddi4.o)
 .debug_loc     0x0000b025       0x14 c:/program files/microchip/xc32/v4.35/bin/bin/../../lib/gcc/pic32c/8.3.1/../../../../pic32c/lib/thumb/v7e-m+fp/hard\libpic32c.a(pic32_data_init_copy.o)

.debug_aranges  0x00000000      0x918
 .debug_aranges
                0x00000000       0x20 build/LVLEU05/debug/_ext/900200176/I2C_DRV.o
 .debug_aranges
                0x00000020       0x20 build/LVLEU05/debug/_ext/900200176/MLX90614_DRV.o
 .debug_aranges
                0x00000040       0x20 build/LVLEU05/debug/_ext/561848293/MLX90614_Plugin.o
 .debug_aranges
                0x00000060       0x20 build/LVLEU05/debug/_ext/2072612147/log.o
 .debug_aranges
                0x00000080       0x20 build/LVLEU05/debug/_ext/2072612147/clock.o
 .debug_aranges
                0x000000a0       0x20 build/LVLEU05/debug/_ext/1580911642/osal_freertos.o
 .debug_aranges
                0x000000c0       0x20 build/LVLEU05/debug/_ext/1475227814/plib_clk.o
 .debug_aranges
                0x000000e0       0x20 build/LVLEU05/debug/_ext/1512701079/plib_gpio.o
 .debug_aranges
                0x00000100       0x20 build/LVLEU05/debug/_ext/1512915370/plib_nvic.o
 .debug_aranges
                0x00000120       0x20 build/LVLEU05/debug/_ext/566442893/plib_sercom2_i2c_master.o
 .debug_aranges
                0x00000140       0x20 build/LVLEU05/debug/_ext/1949253983/plib_sercom0_usart.o
 .debug_aranges
                0x00000160       0x20 build/LVLEU05/debug/_ext/1710155465/plib_tc0.o
 .debug_aranges
                0x00000180       0x20 build/LVLEU05/debug/_ext/1767347422/xc32_monitor.o
 .debug_aranges
                0x000001a0       0x20 build/LVLEU05/debug/_ext/346275119/sys_int.o
 .debug_aranges
                0x000001c0       0x20 build/LVLEU05/debug/_ext/454437993/sys_time.o
 .debug_aranges
                0x000001e0       0x20 build/LVLEU05/debug/_ext/891923492/exceptions.o
 .debug_aranges
                0x00000200       0x28 build/LVLEU05/debug/_ext/891923492/startup_xc32.o
 .debug_aranges
                0x00000228       0x20 build/LVLEU05/debug/_ext/891923492/interrupts.o
 .debug_aranges
                0x00000248       0x20 build/LVLEU05/debug/_ext/891923492/initialization.o
 .debug_aranges
                0x00000268       0x20 build/LVLEU05/debug/_ext/891923492/tasks.o
 .debug_aranges
                0x00000288       0x20 build/LVLEU05/debug/_ext/891923492/freertos_hooks.o
 .debug_aranges
                0x000002a8       0x20 build/LVLEU05/debug/_ext/246609638/port.o
 .debug_aranges
                0x000002c8       0x20 build/LVLEU05/debug/_ext/1665200909/heap_1.o
 .debug_aranges
                0x000002e8       0x20 build/LVLEU05/debug/_ext/404212886/FreeRTOS_tasks.o
 .debug_aranges
                0x00000308       0x20 build/LVLEU05/debug/_ext/404212886/queue.o
 .debug_aranges
                0x00000328       0x20 build/LVLEU05/debug/_ext/404212886/list.o
 .debug_aranges
                0x00000348       0x20 build/LVLEU05/debug/_ext/1360937237/main.o
 .debug_aranges
                0x00000368       0x28 c:/program files/microchip/xc32/v4.35/bin/bin/../../lib/gcc/pic32c/8.3.1/../../../../pic32c/lib/thumb/v7e-m+fp/hard\libpic32c.a(data_init.o)
 .debug_aranges
                0x00000390       0x28 c:/program files/microchip/xc32/v4.35/bin/bin/../../lib/gcc/pic32c/8.3.1/../../../../pic32c/lib/thumb/v7e-m+fp/hard\libg-musl.a(__libc_start_main.o)
 .debug_aranges
                0x000003b8       0x18 c:/program files/microchip/xc32/v4.35/bin/bin/../../lib/gcc/pic32c/8.3.1/../../../../pic32c/lib/thumb/v7e-m+fp/hard\libg-musl.a(libc.o)
 .debug_aranges
                0x000003d0       0x70 c:/program files/microchip/xc32/v4.35/bin/bin/../../lib/gcc/pic32c/8.3.1/../../../../pic32c/lib/thumb/v7e-m+fp/hard\libg-musl.a(malloc.o)
 .debug_aranges
                0x00000440       0x20 c:/program files/microchip/xc32/v4.35/bin/bin/../../lib/gcc/pic32c/8.3.1/../../../../pic32c/lib/thumb/v7e-m+fp/hard\libg-musl.a(expand_heap.o)
 .debug_aranges
                0x00000460       0x20 c:/program files/microchip/xc32/v4.35/bin/bin/../../lib/gcc/pic32c/8.3.1/../../../../pic32c/lib/thumb/v7e-m+fp/hard\libg-musl.a(printf.o)
 .debug_aranges
                0x00000480       0x20 c:/program files/microchip/xc32/v4.35/bin/bin/../../lib/gcc/pic32c/8.3.1/../../../../pic32c/lib/thumb/v7e-m+fp/hard\libg-musl.a(vprintf.o)
 .debug_aranges
                0x000004a0       0x20 c:/program files/microchip/xc32/v4.35/bin/bin/../../lib/gcc/pic32c/8.3.1/../../../../pic32c/lib/thumb/v7e-m+fp/hard\libg-musl.a(memcpy.o)
 .debug_aranges
                0x000004c0       0x20 c:/program files/microchip/xc32/v4.35/bin/bin/../../lib/gcc/pic32c/8.3.1/../../../../pic32c/lib/thumb/v7e-m+fp/hard\libg-musl.a(memset.o)
 .debug_aranges
                0x000004e0       0x20 c:/program files/microchip/xc32/v4.35/bin/bin/../../lib/gcc/pic32c/8.3.1/../../../../pic32c/lib/thumb/v7e-m+fp/hard\libg-musl.a(strdup.o)
 .debug_aranges
                0x00000500       0x18 c:/program files/microchip/xc32/v4.35/bin/bin/../../lib/gcc/pic32c/8.3.1/../../../../pic32c/lib/thumb/v7e-m+fp/hard\libg-musl.a(__environ.o)
 .debug_aranges
                0x00000518       0x18 c:/program files/microchip/xc32/v4.35/bin/bin/../../lib/gcc/pic32c/8.3.1/../../../../pic32c/lib/thumb/v7e-m+fp/hard\libg-musl.a(__errno_location.o)
 .debug_aranges
                0x00000530       0x30 c:/program files/microchip/xc32/v4.35/bin/bin/../../lib/gcc/pic32c/8.3.1/../../../../pic32c/lib/thumb/v7e-m+fp/hard\libg-musl.a(stdout.o)
 .debug_aranges
                0x00000560       0x28 c:/program files/microchip/xc32/v4.35/bin/bin/../../lib/gcc/pic32c/8.3.1/../../../../pic32c/lib/thumb/v7e-m+fp/hard\libg-musl.a(vfprintf.o)
 .debug_aranges
                0x00000588       0x20 c:/program files/microchip/xc32/v4.35/bin/bin/../../lib/gcc/pic32c/8.3.1/../../../../pic32c/lib/thumb/v7e-m+fp/hard\libg-musl.a(strlen.o)
 .debug_aranges
                0x000005a8       0x20 c:/program files/microchip/xc32/v4.35/bin/bin/../../lib/gcc/pic32c/8.3.1/../../../../pic32c/lib/thumb/v7e-m+fp/hard\libg-musl.a(__pop_float.o)
 .debug_aranges
                0x000005c8       0x20 c:/program files/microchip/xc32/v4.35/bin/bin/../../lib/gcc/pic32c/8.3.1/../../../../pic32c/lib/thumb/v7e-m+fp/hard\libg-musl.a(__pop_int.o)
 .debug_aranges
                0x000005e8       0x20 c:/program files/microchip/xc32/v4.35/bin/bin/../../lib/gcc/pic32c/8.3.1/../../../../pic32c/lib/thumb/v7e-m+fp/hard\libg-musl.a(__pop_ptr.o)
 .debug_aranges
                0x00000608       0x50 c:/program files/microchip/xc32/v4.35/bin/bin/../../lib/gcc/pic32c/8.3.1/../../../../pic32c/lib/thumb/v7e-m+fp/hard\libg-musl.a(__printf_core.o)
 .debug_aranges
                0x00000658       0x20 c:/program files/microchip/xc32/v4.35/bin/bin/../../lib/gcc/pic32c/8.3.1/../../../../pic32c/lib/thumb/v7e-m+fp/hard\libg-musl.a(atoi.o)
 .debug_aranges
                0x00000678       0x28 c:/program files/microchip/xc32/v4.35/bin/bin/../../lib/gcc/pic32c/8.3.1/../../../../pic32c/lib/thumb/v7e-m+fp/hard\libg-musl.a(tolower.o)
 .debug_aranges
                0x000006a0       0x20 c:/program files/microchip/xc32/v4.35/bin/bin/../../lib/gcc/pic32c/8.3.1/../../../../pic32c/lib/thumb/v7e-m+fp/hard\libg-musl.a(__fmt_a.o)
 .debug_aranges
                0x000006c0       0x20 c:/program files/microchip/xc32/v4.35/bin/bin/../../lib/gcc/pic32c/8.3.1/../../../../pic32c/lib/thumb/v7e-m+fp/hard\libg-musl.a(__fmt_d.o)
 .debug_aranges
                0x000006e0       0x20 c:/program files/microchip/xc32/v4.35/bin/bin/../../lib/gcc/pic32c/8.3.1/../../../../pic32c/lib/thumb/v7e-m+fp/hard\libg-musl.a(__fmt_fp.o)
 .debug_aranges
                0x00000700       0x20 c:/program files/microchip/xc32/v4.35/bin/bin/../../lib/gcc/pic32c/8.3.1/../../../../pic32c/lib/thumb/v7e-m+fp/hard\libg-musl.a(__fmt_o.o)
 .debug_aranges
                0x00000720       0x20 c:/program files/microchip/xc32/v4.35/bin/bin/../../lib/gcc/pic32c/8.3.1/../../../../pic32c/lib/thumb/v7e-m+fp/hard\libg-musl.a(__fmt_s.o)
 .debug_aranges
                0x00000740       0x20 c:/program files/microchip/xc32/v4.35/bin/bin/../../lib/gcc/pic32c/8.3.1/../../../../pic32c/lib/thumb/v7e-m+fp/hard\libg-musl.a(__fmt_u.o)
 .debug_aranges
                0x00000760       0x20 c:/program files/microchip/xc32/v4.35/bin/bin/../../lib/gcc/pic32c/8.3.1/../../../../pic32c/lib/thumb/v7e-m+fp/hard\libg-musl.a(__fmt_x.o)
 .debug_aranges
                0x00000780       0x28 c:/program files/microchip/xc32/v4.35/bin/bin/../../lib/gcc/pic32c/8.3.1/../../../../pic32c/lib/thumb/v7e-m+fp/hard\libg-musl.a(__init_stdio.o)
 .debug_aranges
                0x000007a8       0x28 c:/program files/microchip/xc32/v4.35/bin/bin/../../lib/gcc/pic32c/8.3.1/../../../../pic32c/lib/thumb/v7e-m+fp/hard\libg-musl.a(__out.o)
 .debug_aranges
                0x000007d0       0x20 c:/program files/microchip/xc32/v4.35/bin/bin/../../lib/gcc/pic32c/8.3.1/../../../../pic32c/lib/thumb/v7e-m+fp/hard\libg-musl.a(strcpy.o)
 .debug_aranges
                0x000007f0       0x28 c:/program files/microchip/xc32/v4.35/bin/bin/../../lib/gcc/pic32c/8.3.1/../../../../pic32c/lib/thumb/v7e-m+fp/hard\libg-musl.a(toupper.o)
 .debug_aranges
                0x00000818       0x20 c:/program files/microchip/xc32/v4.35/bin/bin/../../lib/gcc/pic32c/8.3.1/../../../../pic32c/lib/thumb/v7e-m+fp/hard\libg-musl.a(__cvt_u.o)
 .debug_aranges
                0x00000838       0x20 c:/program files/microchip/xc32/v4.35/bin/bin/../../lib/gcc/pic32c/8.3.1/../../../../pic32c/lib/thumb/v7e-m+fp/hard\libg-musl.a(stpcpy.o)
 .debug_aranges
                0x00000858       0x20 c:/program files/microchip/xc32/v4.35/bin/bin/../../lib/gcc/pic32c/8.3.1/thumb/v7e-m+fp/hard\libgcc.a(_aeabi_uldivmod.o)
 .debug_aranges
                0x00000878       0x20 c:/program files/microchip/xc32/v4.35/bin/bin/../../lib/gcc/pic32c/8.3.1/thumb/v7e-m+fp/hard\libgcc.a(_udivmoddi4.o)
 .debug_aranges
                0x00000898       0x20 c:/program files/microchip/xc32/v4.35/bin/bin/../../lib/gcc/pic32c/8.3.1/thumb/v7e-m+fp/hard\libgcc.a(_dvmd_tls.o)
 .debug_aranges
                0x000008b8       0x20 c:/program files/microchip/xc32/v4.35/bin/bin/../../lib/gcc/pic32c/8.3.1/../../../../pic32c/lib/thumb/v7e-m+fp/hard\libpic32c.a(sbrk.o)
 .debug_aranges
                0x000008d8       0x20 c:/program files/microchip/xc32/v4.35/bin/bin/../../lib/gcc/pic32c/8.3.1/../../../../pic32c/lib/thumb/v7e-m+fp/hard\libpic32c.a(pic32_data_init_clear.o)
 .debug_aranges
                0x000008f8       0x20 c:/program files/microchip/xc32/v4.35/bin/bin/../../lib/gcc/pic32c/8.3.1/../../../../pic32c/lib/thumb/v7e-m+fp/hard\libpic32c.a(pic32_data_init_copy.o)

.debug_line     0x00000000     0xa5a2
 .debug_line    0x00000000      0x29e build/LVLEU05/debug/_ext/900200176/I2C_DRV.o
 .debug_line    0x0000029e      0x9c5 build/LVLEU05/debug/_ext/900200176/MLX90614_DRV.o
 .debug_line    0x00000c63      0x438 build/LVLEU05/debug/_ext/561848293/MLX90614_Plugin.o
 .debug_line    0x0000109b      0x2ba build/LVLEU05/debug/_ext/2072612147/log.o
 .debug_line    0x00001355      0x1aa build/LVLEU05/debug/_ext/2072612147/clock.o
 .debug_line    0x000014ff      0x2aa build/LVLEU05/debug/_ext/1580911642/osal_freertos.o
 .debug_line    0x000017a9      0x1c8 build/LVLEU05/debug/_ext/1475227814/plib_clk.o
 .debug_line    0x00001971      0x2d4 build/LVLEU05/debug/_ext/1512701079/plib_gpio.o
 .debug_line    0x00001c45      0x21b build/LVLEU05/debug/_ext/1512915370/plib_nvic.o
 .debug_line    0x00001e60      0x49f build/LVLEU05/debug/_ext/566442893/plib_sercom2_i2c_master.o
 .debug_line    0x000022ff      0x478 build/LVLEU05/debug/_ext/1949253983/plib_sercom0_usart.o
 .debug_line    0x00002777      0x233 build/LVLEU05/debug/_ext/1710155465/plib_tc0.o
 .debug_line    0x000029aa       0xdd build/LVLEU05/debug/_ext/1767347422/xc32_monitor.o
 .debug_line    0x00002a87      0x1e8 build/LVLEU05/debug/_ext/346275119/sys_int.o
 .debug_line    0x00002c6f      0x992 build/LVLEU05/debug/_ext/454437993/sys_time.o
 .debug_line    0x00003601       0x87 build/LVLEU05/debug/_ext/891923492/exceptions.o
 .debug_line    0x00003688      0x188 build/LVLEU05/debug/_ext/891923492/startup_xc32.o
 .debug_line    0x00003810       0xb9 build/LVLEU05/debug/_ext/891923492/interrupts.o
 .debug_line    0x000038c9      0x1d7 build/LVLEU05/debug/_ext/891923492/initialization.o
 .debug_line    0x00003aa0      0x10c build/LVLEU05/debug/_ext/891923492/tasks.o
 .debug_line    0x00003bac      0x173 build/LVLEU05/debug/_ext/891923492/freertos_hooks.o
 .debug_line    0x00003d1f      0x229 build/LVLEU05/debug/_ext/246609638/port.o
 .debug_line    0x00003f48      0x123 build/LVLEU05/debug/_ext/1665200909/heap_1.o
 .debug_line    0x0000406b      0xc05 build/LVLEU05/debug/_ext/404212886/FreeRTOS_tasks.o
 .debug_line    0x00004c70      0x82c build/LVLEU05/debug/_ext/404212886/queue.o
 .debug_line    0x0000549c      0x1f0 build/LVLEU05/debug/_ext/404212886/list.o
 .debug_line    0x0000568c       0x45 build/LVLEU05/debug/_ext/1360937237/main.o
 .debug_line    0x000056d1       0xec c:/program files/microchip/xc32/v4.35/bin/bin/../../lib/gcc/pic32c/8.3.1/../../../../pic32c/lib/thumb/v7e-m+fp/hard\libpic32c.a(data_init.o)
 .debug_line    0x000057bd      0x1cd c:/program files/microchip/xc32/v4.35/bin/bin/../../lib/gcc/pic32c/8.3.1/../../../../pic32c/lib/thumb/v7e-m+fp/hard\libg-musl.a(__libc_start_main.o)
 .debug_line    0x0000598a       0xb8 c:/program files/microchip/xc32/v4.35/bin/bin/../../lib/gcc/pic32c/8.3.1/../../../../pic32c/lib/thumb/v7e-m+fp/hard\libg-musl.a(libc.o)
 .debug_line    0x00005a42      0xaa9 c:/program files/microchip/xc32/v4.35/bin/bin/../../lib/gcc/pic32c/8.3.1/../../../../pic32c/lib/thumb/v7e-m+fp/hard\libg-musl.a(malloc.o)
 .debug_line    0x000064eb       0xf2 c:/program files/microchip/xc32/v4.35/bin/bin/../../lib/gcc/pic32c/8.3.1/../../../../pic32c/lib/thumb/v7e-m+fp/hard\libg-musl.a(expand_heap.o)
 .debug_line    0x000065dd      0x164 c:/program files/microchip/xc32/v4.35/bin/bin/../../lib/gcc/pic32c/8.3.1/../../../../pic32c/lib/thumb/v7e-m+fp/hard\libg-musl.a(printf.o)
 .debug_line    0x00006741      0x145 c:/program files/microchip/xc32/v4.35/bin/bin/../../lib/gcc/pic32c/8.3.1/../../../../pic32c/lib/thumb/v7e-m+fp/hard\libg-musl.a(vprintf.o)
 .debug_line    0x00006886       0xfc c:/program files/microchip/xc32/v4.35/bin/bin/../../lib/gcc/pic32c/8.3.1/../../../../pic32c/lib/thumb/v7e-m+fp/hard\libg-musl.a(memcpy.o)
 .debug_line    0x00006982       0xe6 c:/program files/microchip/xc32/v4.35/bin/bin/../../lib/gcc/pic32c/8.3.1/../../../../pic32c/lib/thumb/v7e-m+fp/hard\libg-musl.a(memset.o)
 .debug_line    0x00006a68      0x166 c:/program files/microchip/xc32/v4.35/bin/bin/../../lib/gcc/pic32c/8.3.1/../../../../pic32c/lib/thumb/v7e-m+fp/hard\libg-musl.a(strdup.o)
 .debug_line    0x00006bce      0x101 c:/program files/microchip/xc32/v4.35/bin/bin/../../lib/gcc/pic32c/8.3.1/../../../../pic32c/lib/thumb/v7e-m+fp/hard\libg-musl.a(__environ.o)
 .debug_line    0x00006ccf       0x9d c:/program files/microchip/xc32/v4.35/bin/bin/../../lib/gcc/pic32c/8.3.1/../../../../pic32c/lib/thumb/v7e-m+fp/hard\libg-musl.a(__errno_location.o)
 .debug_line    0x00006d6c      0x187 c:/program files/microchip/xc32/v4.35/bin/bin/../../lib/gcc/pic32c/8.3.1/../../../../pic32c/lib/thumb/v7e-m+fp/hard\libg-musl.a(stdout.o)
 .debug_line    0x00006ef3      0x1ef c:/program files/microchip/xc32/v4.35/bin/bin/../../lib/gcc/pic32c/8.3.1/../../../../pic32c/lib/thumb/v7e-m+fp/hard\libg-musl.a(vfprintf.o)
 .debug_line    0x000070e2       0xe9 c:/program files/microchip/xc32/v4.35/bin/bin/../../lib/gcc/pic32c/8.3.1/../../../../pic32c/lib/thumb/v7e-m+fp/hard\libg-musl.a(strlen.o)
 .debug_line    0x000071cb      0x16b c:/program files/microchip/xc32/v4.35/bin/bin/../../lib/gcc/pic32c/8.3.1/../../../../pic32c/lib/thumb/v7e-m+fp/hard\libg-musl.a(__pop_float.o)
 .debug_line    0x00007336      0x206 c:/program files/microchip/xc32/v4.35/bin/bin/../../lib/gcc/pic32c/8.3.1/../../../../pic32c/lib/thumb/v7e-m+fp/hard\libg-musl.a(__pop_int.o)
 .debug_line    0x0000753c      0x1e6 c:/program files/microchip/xc32/v4.35/bin/bin/../../lib/gcc/pic32c/8.3.1/../../../../pic32c/lib/thumb/v7e-m+fp/hard\libg-musl.a(__pop_ptr.o)
 .debug_line    0x00007722      0x697 c:/program files/microchip/xc32/v4.35/bin/bin/../../lib/gcc/pic32c/8.3.1/../../../../pic32c/lib/thumb/v7e-m+fp/hard\libg-musl.a(__printf_core.o)
 .debug_line    0x00007db9      0x16d c:/program files/microchip/xc32/v4.35/bin/bin/../../lib/gcc/pic32c/8.3.1/../../../../pic32c/lib/thumb/v7e-m+fp/hard\libg-musl.a(atoi.o)
 .debug_line    0x00007f26      0x15d c:/program files/microchip/xc32/v4.35/bin/bin/../../lib/gcc/pic32c/8.3.1/../../../../pic32c/lib/thumb/v7e-m+fp/hard\libg-musl.a(tolower.o)
 .debug_line    0x00008083      0x639 c:/program files/microchip/xc32/v4.35/bin/bin/../../lib/gcc/pic32c/8.3.1/../../../../pic32c/lib/thumb/v7e-m+fp/hard\libg-musl.a(__fmt_a.o)
 .debug_line    0x000086bc      0x205 c:/program files/microchip/xc32/v4.35/bin/bin/../../lib/gcc/pic32c/8.3.1/../../../../pic32c/lib/thumb/v7e-m+fp/hard\libg-musl.a(__fmt_d.o)
 .debug_line    0x000088c1      0x674 c:/program files/microchip/xc32/v4.35/bin/bin/../../lib/gcc/pic32c/8.3.1/../../../../pic32c/lib/thumb/v7e-m+fp/hard\libg-musl.a(__fmt_fp.o)
 .debug_line    0x00008f35      0x1af c:/program files/microchip/xc32/v4.35/bin/bin/../../lib/gcc/pic32c/8.3.1/../../../../pic32c/lib/thumb/v7e-m+fp/hard\libg-musl.a(__fmt_o.o)
 .debug_line    0x000090e4      0x1f4 c:/program files/microchip/xc32/v4.35/bin/bin/../../lib/gcc/pic32c/8.3.1/../../../../pic32c/lib/thumb/v7e-m+fp/hard\libg-musl.a(__fmt_s.o)
 .debug_line    0x000092d8      0x18e c:/program files/microchip/xc32/v4.35/bin/bin/../../lib/gcc/pic32c/8.3.1/../../../../pic32c/lib/thumb/v7e-m+fp/hard\libg-musl.a(__fmt_u.o)
 .debug_line    0x00009466      0x2d3 c:/program files/microchip/xc32/v4.35/bin/bin/../../lib/gcc/pic32c/8.3.1/../../../../pic32c/lib/thumb/v7e-m+fp/hard\libg-musl.a(__fmt_x.o)
 .debug_line    0x00009739       0xcb c:/program files/microchip/xc32/v4.35/bin/bin/../../lib/gcc/pic32c/8.3.1/../../../../pic32c/lib/thumb/v7e-m+fp/hard\libg-musl.a(__init_stdio.o)
 .debug_line    0x00009804      0x237 c:/program files/microchip/xc32/v4.35/bin/bin/../../lib/gcc/pic32c/8.3.1/../../../../pic32c/lib/thumb/v7e-m+fp/hard\libg-musl.a(__out.o)
 .debug_line    0x00009a3b       0xb0 c:/program files/microchip/xc32/v4.35/bin/bin/../../lib/gcc/pic32c/8.3.1/../../../../pic32c/lib/thumb/v7e-m+fp/hard\libg-musl.a(strcpy.o)
 .debug_line    0x00009aeb      0x15d c:/program files/microchip/xc32/v4.35/bin/bin/../../lib/gcc/pic32c/8.3.1/../../../../pic32c/lib/thumb/v7e-m+fp/hard\libg-musl.a(toupper.o)
 .debug_line    0x00009c48      0x1d1 c:/program files/microchip/xc32/v4.35/bin/bin/../../lib/gcc/pic32c/8.3.1/../../../../pic32c/lib/thumb/v7e-m+fp/hard\libg-musl.a(__cvt_u.o)
 .debug_line    0x00009e19       0xc4 c:/program files/microchip/xc32/v4.35/bin/bin/../../lib/gcc/pic32c/8.3.1/../../../../pic32c/lib/thumb/v7e-m+fp/hard\libg-musl.a(stpcpy.o)
 .debug_line    0x00009edd       0x94 c:/program files/microchip/xc32/v4.35/bin/bin/../../lib/gcc/pic32c/8.3.1/thumb/v7e-m+fp/hard\libgcc.a(_aeabi_uldivmod.o)
 .debug_line    0x00009f71      0x363 c:/program files/microchip/xc32/v4.35/bin/bin/../../lib/gcc/pic32c/8.3.1/thumb/v7e-m+fp/hard\libgcc.a(_udivmoddi4.o)
 .debug_line    0x0000a2d4       0x94 c:/program files/microchip/xc32/v4.35/bin/bin/../../lib/gcc/pic32c/8.3.1/thumb/v7e-m+fp/hard\libgcc.a(_dvmd_tls.o)
 .debug_line    0x0000a368       0xc0 c:/program files/microchip/xc32/v4.35/bin/bin/../../lib/gcc/pic32c/8.3.1/../../../../pic32c/lib/thumb/v7e-m+fp/hard\libpic32c.a(sbrk.o)
 .debug_line    0x0000a428       0xb9 c:/program files/microchip/xc32/v4.35/bin/bin/../../lib/gcc/pic32c/8.3.1/../../../../pic32c/lib/thumb/v7e-m+fp/hard\libpic32c.a(pic32_data_init_clear.o)
 .debug_line    0x0000a4e1       0xc1 c:/program files/microchip/xc32/v4.35/bin/bin/../../lib/gcc/pic32c/8.3.1/../../../../pic32c/lib/thumb/v7e-m+fp/hard\libpic32c.a(pic32_data_init_copy.o)

.debug_str      0x00000000      0xb6a
 .debug_str     0x00000000       0x2c build/LVLEU05/debug/_ext/900200176/I2C_DRV.o
 .debug_str     0x0000002c       0x60 build/LVLEU05/debug/_ext/900200176/MLX90614_DRV.o
 .debug_str     0x0000008c       0x11 build/LVLEU05/debug/_ext/561848293/MLX90614_Plugin.o
 .debug_str     0x0000009d        0x7 build/LVLEU05/debug/_ext/2072612147/log.o
 .debug_str     0x000000a4       0x1a build/LVLEU05/debug/_ext/2072612147/clock.o
 .debug_str     0x000000be       0x40 build/LVLEU05/debug/_ext/1580911642/osal_freertos.o
 .debug_str     0x000000fe       0x14 build/LVLEU05/debug/_ext/1475227814/plib_clk.o
 .debug_str     0x00000112       0x4d build/LVLEU05/debug/_ext/1512701079/plib_gpio.o
 .debug_str     0x0000015f        0xa build/LVLEU05/debug/_ext/1512915370/plib_nvic.o
 .debug_str     0x00000169      0x18a build/LVLEU05/debug/_ext/566442893/plib_sercom2_i2c_master.o
 .debug_str     0x000002f3      0x135 build/LVLEU05/debug/_ext/1949253983/plib_sercom0_usart.o
 .debug_str     0x00000428       0xc3 build/LVLEU05/debug/_ext/1710155465/plib_tc0.o
 .debug_str     0x000004eb        0x0 build/LVLEU05/debug/_ext/1767347422/xc32_monitor.o
 .debug_str     0x000004eb        0x0 build/LVLEU05/debug/_ext/346275119/sys_int.o
 .debug_str     0x000004eb       0xec build/LVLEU05/debug/_ext/454437993/sys_time.o
 .debug_str     0x000005d7        0x0 build/LVLEU05/debug/_ext/891923492/exceptions.o
 .debug_str     0x000005d7        0x0 build/LVLEU05/debug/_ext/891923492/startup_xc32.o
 .debug_str     0x000005d7        0x0 build/LVLEU05/debug/_ext/891923492/interrupts.o
 .debug_str     0x000005d7        0x0 build/LVLEU05/debug/_ext/891923492/initialization.o
 .debug_str     0x000005d7        0x0 build/LVLEU05/debug/_ext/891923492/tasks.o
 .debug_str     0x000005d7        0x0 build/LVLEU05/debug/_ext/891923492/freertos_hooks.o
 .debug_str     0x000005d7        0x0 build/LVLEU05/debug/_ext/246609638/port.o
 .debug_str     0x000005d7        0x0 build/LVLEU05/debug/_ext/1665200909/heap_1.o
 .debug_str     0x000005d7      0x1c0 build/LVLEU05/debug/_ext/404212886/FreeRTOS_tasks.o
 .debug_str     0x00000797      0x157 build/LVLEU05/debug/_ext/404212886/queue.o
 .debug_str     0x000008ee       0x2b build/LVLEU05/debug/_ext/404212886/list.o
 .debug_str     0x00000919        0x0 build/LVLEU05/debug/_ext/1360937237/main.o
 .debug_str     0x00000919        0x0 c:/program files/microchip/xc32/v4.35/bin/bin/../../lib/gcc/pic32c/8.3.1/../../../../pic32c/lib/thumb/v7e-m+fp/hard\libpic32c.a(data_init.o)
 .debug_str     0x00000919        0x0 c:/program files/microchip/xc32/v4.35/bin/bin/../../lib/gcc/pic32c/8.3.1/../../../../pic32c/lib/thumb/v7e-m+fp/hard\libg-musl.a(__libc_start_main.o)
 .debug_str     0x00000919        0x0 c:/program files/microchip/xc32/v4.35/bin/bin/../../lib/gcc/pic32c/8.3.1/../../../../pic32c/lib/thumb/v7e-m+fp/hard\libg-musl.a(libc.o)
 .debug_str     0x00000919       0x13 c:/program files/microchip/xc32/v4.35/bin/bin/../../lib/gcc/pic32c/8.3.1/../../../../pic32c/lib/thumb/v7e-m+fp/hard\libg-musl.a(malloc.o)
 .debug_str     0x0000092c        0x0 c:/program files/microchip/xc32/v4.35/bin/bin/../../lib/gcc/pic32c/8.3.1/../../../../pic32c/lib/thumb/v7e-m+fp/hard\libg-musl.a(expand_heap.o)
 .debug_str     0x0000092c        0x9 c:/program files/microchip/xc32/v4.35/bin/bin/../../lib/gcc/pic32c/8.3.1/../../../../pic32c/lib/thumb/v7e-m+fp/hard\libg-musl.a(printf.o)
 .debug_str     0x00000935        0x9 c:/program files/microchip/xc32/v4.35/bin/bin/../../lib/gcc/pic32c/8.3.1/../../../../pic32c/lib/thumb/v7e-m+fp/hard\libg-musl.a(vprintf.o)
 .debug_str     0x0000093e        0x0 c:/program files/microchip/xc32/v4.35/bin/bin/../../lib/gcc/pic32c/8.3.1/../../../../pic32c/lib/thumb/v7e-m+fp/hard\libg-musl.a(memcpy.o)
 .debug_str     0x0000093e        0x0 c:/program files/microchip/xc32/v4.35/bin/bin/../../lib/gcc/pic32c/8.3.1/../../../../pic32c/lib/thumb/v7e-m+fp/hard\libg-musl.a(memset.o)
 .debug_str     0x0000093e        0x0 c:/program files/microchip/xc32/v4.35/bin/bin/../../lib/gcc/pic32c/8.3.1/../../../../pic32c/lib/thumb/v7e-m+fp/hard\libg-musl.a(strdup.o)
 .debug_str     0x0000093e        0x0 c:/program files/microchip/xc32/v4.35/bin/bin/../../lib/gcc/pic32c/8.3.1/../../../../pic32c/lib/thumb/v7e-m+fp/hard\libg-musl.a(__environ.o)
 .debug_str     0x0000093e        0x0 c:/program files/microchip/xc32/v4.35/bin/bin/../../lib/gcc/pic32c/8.3.1/../../../../pic32c/lib/thumb/v7e-m+fp/hard\libg-musl.a(__errno_location.o)
 .debug_str     0x0000093e       0x11 c:/program files/microchip/xc32/v4.35/bin/bin/../../lib/gcc/pic32c/8.3.1/../../../../pic32c/lib/thumb/v7e-m+fp/hard\libg-musl.a(stdout.o)
 .debug_str     0x0000094f       0x1e c:/program files/microchip/xc32/v4.35/bin/bin/../../lib/gcc/pic32c/8.3.1/../../../../pic32c/lib/thumb/v7e-m+fp/hard\libg-musl.a(vfprintf.o)
 .debug_str     0x0000096d        0x0 c:/program files/microchip/xc32/v4.35/bin/bin/../../lib/gcc/pic32c/8.3.1/../../../../pic32c/lib/thumb/v7e-m+fp/hard\libg-musl.a(strlen.o)
 .debug_str     0x0000096d        0x0 c:/program files/microchip/xc32/v4.35/bin/bin/../../lib/gcc/pic32c/8.3.1/../../../../pic32c/lib/thumb/v7e-m+fp/hard\libg-musl.a(__pop_float.o)
 .debug_str     0x0000096d        0x0 c:/program files/microchip/xc32/v4.35/bin/bin/../../lib/gcc/pic32c/8.3.1/../../../../pic32c/lib/thumb/v7e-m+fp/hard\libg-musl.a(__pop_int.o)
 .debug_str     0x0000096d        0x0 c:/program files/microchip/xc32/v4.35/bin/bin/../../lib/gcc/pic32c/8.3.1/../../../../pic32c/lib/thumb/v7e-m+fp/hard\libg-musl.a(__pop_ptr.o)
 .debug_str     0x0000096d       0x20 c:/program files/microchip/xc32/v4.35/bin/bin/../../lib/gcc/pic32c/8.3.1/../../../../pic32c/lib/thumb/v7e-m+fp/hard\libg-musl.a(__printf_core.o)
 .debug_str     0x0000098d        0x0 c:/program files/microchip/xc32/v4.35/bin/bin/../../lib/gcc/pic32c/8.3.1/../../../../pic32c/lib/thumb/v7e-m+fp/hard\libg-musl.a(atoi.o)
 .debug_str     0x0000098d        0x0 c:/program files/microchip/xc32/v4.35/bin/bin/../../lib/gcc/pic32c/8.3.1/../../../../pic32c/lib/thumb/v7e-m+fp/hard\libg-musl.a(tolower.o)
 .debug_str     0x0000098d        0x0 c:/program files/microchip/xc32/v4.35/bin/bin/../../lib/gcc/pic32c/8.3.1/../../../../pic32c/lib/thumb/v7e-m+fp/hard\libg-musl.a(__fmt_a.o)
 .debug_str     0x0000098d        0x0 c:/program files/microchip/xc32/v4.35/bin/bin/../../lib/gcc/pic32c/8.3.1/../../../../pic32c/lib/thumb/v7e-m+fp/hard\libg-musl.a(__fmt_d.o)
 .debug_str     0x0000098d        0x0 c:/program files/microchip/xc32/v4.35/bin/bin/../../lib/gcc/pic32c/8.3.1/../../../../pic32c/lib/thumb/v7e-m+fp/hard\libg-musl.a(__fmt_fp.o)
 .debug_str     0x0000098d        0x0 c:/program files/microchip/xc32/v4.35/bin/bin/../../lib/gcc/pic32c/8.3.1/../../../../pic32c/lib/thumb/v7e-m+fp/hard\libg-musl.a(__fmt_o.o)
 .debug_str     0x0000098d        0x0 c:/program files/microchip/xc32/v4.35/bin/bin/../../lib/gcc/pic32c/8.3.1/../../../../pic32c/lib/thumb/v7e-m+fp/hard\libg-musl.a(__fmt_s.o)
 .debug_str     0x0000098d        0x0 c:/program files/microchip/xc32/v4.35/bin/bin/../../lib/gcc/pic32c/8.3.1/../../../../pic32c/lib/thumb/v7e-m+fp/hard\libg-musl.a(__fmt_u.o)
 .debug_str     0x0000098d        0x0 c:/program files/microchip/xc32/v4.35/bin/bin/../../lib/gcc/pic32c/8.3.1/../../../../pic32c/lib/thumb/v7e-m+fp/hard\libg-musl.a(__fmt_x.o)
 .debug_str     0x0000098d        0x0 c:/program files/microchip/xc32/v4.35/bin/bin/../../lib/gcc/pic32c/8.3.1/../../../../pic32c/lib/thumb/v7e-m+fp/hard\libg-musl.a(__init_stdio.o)
 .debug_str     0x0000098d        0x0 c:/program files/microchip/xc32/v4.35/bin/bin/../../lib/gcc/pic32c/8.3.1/../../../../pic32c/lib/thumb/v7e-m+fp/hard\libg-musl.a(__out.o)
 .debug_str     0x0000098d        0x9 c:/program files/microchip/xc32/v4.35/bin/bin/../../lib/gcc/pic32c/8.3.1/../../../../pic32c/lib/thumb/v7e-m+fp/hard\libg-musl.a(strcpy.o)
 .debug_str     0x00000996        0x0 c:/program files/microchip/xc32/v4.35/bin/bin/../../lib/gcc/pic32c/8.3.1/../../../../pic32c/lib/thumb/v7e-m+fp/hard\libg-musl.a(toupper.o)
 .debug_str     0x00000996        0x0 c:/program files/microchip/xc32/v4.35/bin/bin/../../lib/gcc/pic32c/8.3.1/../../../../pic32c/lib/thumb/v7e-m+fp/hard\libg-musl.a(__cvt_u.o)
 .debug_str     0x00000996        0x0 c:/program files/microchip/xc32/v4.35/bin/bin/../../lib/gcc/pic32c/8.3.1/../../../../pic32c/lib/thumb/v7e-m+fp/hard\libg-musl.a(stpcpy.o)
 .debug_str     0x00000996       0xe8 c:/program files/microchip/xc32/v4.35/bin/bin/../../lib/gcc/pic32c/8.3.1/thumb/v7e-m+fp/hard\libgcc.a(_aeabi_uldivmod.o)
 .debug_str     0x00000a7e        0x0 c:/program files/microchip/xc32/v4.35/bin/bin/../../lib/gcc/pic32c/8.3.1/thumb/v7e-m+fp/hard\libgcc.a(_udivmoddi4.o)
 .debug_str     0x00000a7e       0xec c:/program files/microchip/xc32/v4.35/bin/bin/../../lib/gcc/pic32c/8.3.1/thumb/v7e-m+fp/hard\libgcc.a(_dvmd_tls.o)
 .debug_str     0x00000b6a        0x0 c:/program files/microchip/xc32/v4.35/bin/bin/../../lib/gcc/pic32c/8.3.1/../../../../pic32c/lib/thumb/v7e-m+fp/hard\libpic32c.a(sbrk.o)
 .debug_str     0x00000b6a        0x0 c:/program files/microchip/xc32/v4.35/bin/bin/../../lib/gcc/pic32c/8.3.1/../../../../pic32c/lib/thumb/v7e-m+fp/hard\libpic32c.a(pic32_data_init_clear.o)
 .debug_str     0x00000b6a        0x0 c:/program files/microchip/xc32/v4.35/bin/bin/../../lib/gcc/pic32c/8.3.1/../../../../pic32c/lib/thumb/v7e-m+fp/hard\libpic32c.a(pic32_data_init_copy.o)

.debug_frame    0x00000000     0x37d4
 .debug_frame   0x00000000       0xc0 build/LVLEU05/debug/_ext/900200176/I2C_DRV.o
 .debug_frame   0x000000c0      0x69c build/LVLEU05/debug/_ext/900200176/MLX90614_DRV.o
 .debug_frame   0x0000075c       0xdc build/LVLEU05/debug/_ext/561848293/MLX90614_Plugin.o
 .debug_frame   0x00000838      0x1f8 build/LVLEU05/debug/_ext/2072612147/log.o
 .debug_frame   0x00000a30       0x78 build/LVLEU05/debug/_ext/2072612147/clock.o
 .debug_frame   0x00000aa8      0x228 build/LVLEU05/debug/_ext/1580911642/osal_freertos.o
 .debug_frame   0x00000cd0       0x38 build/LVLEU05/debug/_ext/1475227814/plib_clk.o
 .debug_frame   0x00000d08      0x264 build/LVLEU05/debug/_ext/1512701079/plib_gpio.o
 .debug_frame   0x00000f6c      0x114 build/LVLEU05/debug/_ext/1512915370/plib_nvic.o
 .debug_frame   0x00001080      0x210 build/LVLEU05/debug/_ext/566442893/plib_sercom2_i2c_master.o
 .debug_frame   0x00001290      0x294 build/LVLEU05/debug/_ext/1949253983/plib_sercom0_usart.o
 .debug_frame   0x00001524      0x1bc build/LVLEU05/debug/_ext/1710155465/plib_tc0.o
 .debug_frame   0x000016e0       0x58 build/LVLEU05/debug/_ext/1767347422/xc32_monitor.o
 .debug_frame   0x00001738      0x12c build/LVLEU05/debug/_ext/346275119/sys_int.o
 .debug_frame   0x00001864      0x628 build/LVLEU05/debug/_ext/454437993/sys_time.o
 .debug_frame   0x00001e8c       0xa0 build/LVLEU05/debug/_ext/891923492/exceptions.o
 .debug_frame   0x00001f2c       0x58 build/LVLEU05/debug/_ext/891923492/startup_xc32.o
 .debug_frame   0x00001f84       0x20 build/LVLEU05/debug/_ext/891923492/interrupts.o
 .debug_frame   0x00001fa4       0x34 build/LVLEU05/debug/_ext/891923492/initialization.o
 .debug_frame   0x00001fd8       0x54 build/LVLEU05/debug/_ext/891923492/tasks.o
 .debug_frame   0x0000202c       0xac build/LVLEU05/debug/_ext/891923492/freertos_hooks.o
 .debug_frame   0x000020d8      0x170 build/LVLEU05/debug/_ext/246609638/port.o
 .debug_frame   0x00002248       0x9c build/LVLEU05/debug/_ext/1665200909/heap_1.o
 .debug_frame   0x000022e4      0x734 build/LVLEU05/debug/_ext/404212886/FreeRTOS_tasks.o
 .debug_frame   0x00002a18      0x414 build/LVLEU05/debug/_ext/404212886/queue.o
 .debug_frame   0x00002e2c       0xd8 build/LVLEU05/debug/_ext/404212886/list.o
 .debug_frame   0x00002f04       0x2c build/LVLEU05/debug/_ext/1360937237/main.o
 .debug_frame   0x00002f30       0x3c c:/program files/microchip/xc32/v4.35/bin/bin/../../lib/gcc/pic32c/8.3.1/../../../../pic32c/lib/thumb/v7e-m+fp/hard\libpic32c.a(data_init.o)
 .debug_frame   0x00002f6c       0x3c c:/program files/microchip/xc32/v4.35/bin/bin/../../lib/gcc/pic32c/8.3.1/../../../../pic32c/lib/thumb/v7e-m+fp/hard\libg-musl.a(__libc_start_main.o)
 .debug_frame   0x00002fa8      0x14c c:/program files/microchip/xc32/v4.35/bin/bin/../../lib/gcc/pic32c/8.3.1/../../../../pic32c/lib/thumb/v7e-m+fp/hard\libg-musl.a(malloc.o)
 .debug_frame   0x000030f4       0x28 c:/program files/microchip/xc32/v4.35/bin/bin/../../lib/gcc/pic32c/8.3.1/../../../../pic32c/lib/thumb/v7e-m+fp/hard\libg-musl.a(expand_heap.o)
 .debug_frame   0x0000311c       0x40 c:/program files/microchip/xc32/v4.35/bin/bin/../../lib/gcc/pic32c/8.3.1/../../../../pic32c/lib/thumb/v7e-m+fp/hard\libg-musl.a(printf.o)
 .debug_frame   0x0000315c       0x20 c:/program files/microchip/xc32/v4.35/bin/bin/../../lib/gcc/pic32c/8.3.1/../../../../pic32c/lib/thumb/v7e-m+fp/hard\libg-musl.a(vprintf.o)
 .debug_frame   0x0000317c       0x2c c:/program files/microchip/xc32/v4.35/bin/bin/../../lib/gcc/pic32c/8.3.1/../../../../pic32c/lib/thumb/v7e-m+fp/hard\libg-musl.a(memcpy.o)
 .debug_frame   0x000031a8       0x20 c:/program files/microchip/xc32/v4.35/bin/bin/../../lib/gcc/pic32c/8.3.1/../../../../pic32c/lib/thumb/v7e-m+fp/hard\libg-musl.a(memset.o)
 .debug_frame   0x000031c8       0x38 c:/program files/microchip/xc32/v4.35/bin/bin/../../lib/gcc/pic32c/8.3.1/../../../../pic32c/lib/thumb/v7e-m+fp/hard\libg-musl.a(strdup.o)
 .debug_frame   0x00003200       0x48 c:/program files/microchip/xc32/v4.35/bin/bin/../../lib/gcc/pic32c/8.3.1/../../../../pic32c/lib/thumb/v7e-m+fp/hard\libg-musl.a(stdout.o)
 .debug_frame   0x00003248       0x3c c:/program files/microchip/xc32/v4.35/bin/bin/../../lib/gcc/pic32c/8.3.1/../../../../pic32c/lib/thumb/v7e-m+fp/hard\libg-musl.a(vfprintf.o)
 .debug_frame   0x00003284       0x20 c:/program files/microchip/xc32/v4.35/bin/bin/../../lib/gcc/pic32c/8.3.1/../../../../pic32c/lib/thumb/v7e-m+fp/hard\libg-musl.a(strlen.o)
 .debug_frame   0x000032a4       0x20 c:/program files/microchip/xc32/v4.35/bin/bin/../../lib/gcc/pic32c/8.3.1/../../../../pic32c/lib/thumb/v7e-m+fp/hard\libg-musl.a(__pop_float.o)
 .debug_frame   0x000032c4       0x28 c:/program files/microchip/xc32/v4.35/bin/bin/../../lib/gcc/pic32c/8.3.1/../../../../pic32c/lib/thumb/v7e-m+fp/hard\libg-musl.a(__pop_int.o)
 .debug_frame   0x000032ec       0x28 c:/program files/microchip/xc32/v4.35/bin/bin/../../lib/gcc/pic32c/8.3.1/../../../../pic32c/lib/thumb/v7e-m+fp/hard\libg-musl.a(__pop_ptr.o)
 .debug_frame   0x00003314       0xd0 c:/program files/microchip/xc32/v4.35/bin/bin/../../lib/gcc/pic32c/8.3.1/../../../../pic32c/lib/thumb/v7e-m+fp/hard\libg-musl.a(__printf_core.o)
 .debug_frame   0x000033e4       0x28 c:/program files/microchip/xc32/v4.35/bin/bin/../../lib/gcc/pic32c/8.3.1/../../../../pic32c/lib/thumb/v7e-m+fp/hard\libg-musl.a(atoi.o)
 .debug_frame   0x0000340c       0x30 c:/program files/microchip/xc32/v4.35/bin/bin/../../lib/gcc/pic32c/8.3.1/../../../../pic32c/lib/thumb/v7e-m+fp/hard\libg-musl.a(tolower.o)
 .debug_frame   0x0000343c       0x40 c:/program files/microchip/xc32/v4.35/bin/bin/../../lib/gcc/pic32c/8.3.1/../../../../pic32c/lib/thumb/v7e-m+fp/hard\libg-musl.a(__fmt_a.o)
 .debug_frame   0x0000347c       0x3c c:/program files/microchip/xc32/v4.35/bin/bin/../../lib/gcc/pic32c/8.3.1/../../../../pic32c/lib/thumb/v7e-m+fp/hard\libg-musl.a(__fmt_d.o)
 .debug_frame   0x000034b8       0x50 c:/program files/microchip/xc32/v4.35/bin/bin/../../lib/gcc/pic32c/8.3.1/../../../../pic32c/lib/thumb/v7e-m+fp/hard\libg-musl.a(__fmt_fp.o)
 .debug_frame   0x00003508       0x34 c:/program files/microchip/xc32/v4.35/bin/bin/../../lib/gcc/pic32c/8.3.1/../../../../pic32c/lib/thumb/v7e-m+fp/hard\libg-musl.a(__fmt_o.o)
 .debug_frame   0x0000353c       0x34 c:/program files/microchip/xc32/v4.35/bin/bin/../../lib/gcc/pic32c/8.3.1/../../../../pic32c/lib/thumb/v7e-m+fp/hard\libg-musl.a(__fmt_s.o)
 .debug_frame   0x00003570       0x34 c:/program files/microchip/xc32/v4.35/bin/bin/../../lib/gcc/pic32c/8.3.1/../../../../pic32c/lib/thumb/v7e-m+fp/hard\libg-musl.a(__fmt_u.o)